<?xml version="1.0"?>
<link_info>
   <banner>TI ARM Linker PC v15.12.3.LTS</banner>
   <copyright>Copyright (c) 1996-2015 Texas Instruments Incorporated</copyright>
   <link_time>0x58e0df50</link_time>
   <link_errors>0x0</link_errors>
   <output_file>HeliProject.out</output_file>
   <entry_point>
      <name>_c_int00</name>
      <address>0x2de5</address>
   </entry_point>
   <input_file_list>
      <input_file id="fl-2">
         <path>.\</path>
         <kind>object</kind>
         <file>OrbitOLEDInterface.obj</file>
         <name>OrbitOLEDInterface.obj</name>
      </input_file>
      <input_file id="fl-3">
         <path>.\</path>
         <kind>object</kind>
         <file>button.obj</file>
         <name>button.obj</name>
      </input_file>
      <input_file id="fl-4">
         <path>.\</path>
         <kind>object</kind>
         <file>circBufT.obj</file>
         <name>circBufT.obj</name>
      </input_file>
      <input_file id="fl-5">
         <path>.\</path>
         <kind>object</kind>
         <file>main.obj</file>
         <name>main.obj</name>
      </input_file>
      <input_file id="fl-6">
         <path>.\</path>
         <kind>object</kind>
         <file>pid.obj</file>
         <name>pid.obj</name>
      </input_file>
      <input_file id="fl-7">
         <path>.\</path>
         <kind>object</kind>
         <file>pwm.obj</file>
         <name>pwm.obj</name>
      </input_file>
      <input_file id="fl-8">
         <path>.\</path>
         <kind>object</kind>
         <file>pwmcounter.obj</file>
         <name>pwmcounter.obj</name>
      </input_file>
      <input_file id="fl-9">
         <path>.\</path>
         <kind>object</kind>
         <file>tm4c123gh6pm_startup_ccs.obj</file>
         <name>tm4c123gh6pm_startup_ccs.obj</name>
      </input_file>
      <input_file id="fl-a">
         <path>.\lib_OrbitOled\</path>
         <kind>object</kind>
         <file>ChrFont0.obj</file>
         <name>ChrFont0.obj</name>
      </input_file>
      <input_file id="fl-b">
         <path>.\lib_OrbitOled\</path>
         <kind>object</kind>
         <file>FillPat.obj</file>
         <name>FillPat.obj</name>
      </input_file>
      <input_file id="fl-c">
         <path>.\lib_OrbitOled\</path>
         <kind>object</kind>
         <file>OrbitOled.obj</file>
         <name>OrbitOled.obj</name>
      </input_file>
      <input_file id="fl-d">
         <path>.\lib_OrbitOled\</path>
         <kind>object</kind>
         <file>OrbitOledChar.obj</file>
         <name>OrbitOledChar.obj</name>
      </input_file>
      <input_file id="fl-e">
         <path>.\lib_OrbitOled\</path>
         <kind>object</kind>
         <file>OrbitOledGrph.obj</file>
         <name>OrbitOledGrph.obj</name>
      </input_file>
      <input_file id="fl-f">
         <path>.\lib_OrbitOled\</path>
         <kind>object</kind>
         <file>delay.obj</file>
         <name>delay.obj</name>
      </input_file>
      <input_file id="fl-ca">
         <path>C:\ti\ccsv6\tools\compiler\arm_15.12.3.LTS\lib\</path>
         <kind>archive</kind>
         <file>rtsv7M4_T_le_v4SPD16_eabi.lib</file>
         <name>boot.obj</name>
      </input_file>
      <input_file id="fl-cb">
         <path>C:\ti\ccsv6\tools\compiler\arm_15.12.3.LTS\lib\</path>
         <kind>archive</kind>
         <file>rtsv7M4_T_le_v4SPD16_eabi.lib</file>
         <name>copy_decompress_none.obj</name>
      </input_file>
      <input_file id="fl-cc">
         <path>C:\ti\ccsv6\tools\compiler\arm_15.12.3.LTS\lib\</path>
         <kind>archive</kind>
         <file>rtsv7M4_T_le_v4SPD16_eabi.lib</file>
         <name>copy_decompress_rle.obj</name>
      </input_file>
      <input_file id="fl-cd">
         <path>C:\ti\ccsv6\tools\compiler\arm_15.12.3.LTS\lib\</path>
         <kind>archive</kind>
         <file>rtsv7M4_T_le_v4SPD16_eabi.lib</file>
         <name>copy_zero_init.obj</name>
      </input_file>
      <input_file id="fl-ce">
         <path>C:\ti\ccsv6\tools\compiler\arm_15.12.3.LTS\lib\</path>
         <kind>archive</kind>
         <file>rtsv7M4_T_le_v4SPD16_eabi.lib</file>
         <name>exit.obj</name>
      </input_file>
      <input_file id="fl-cf">
         <path>C:\ti\ccsv6\tools\compiler\arm_15.12.3.LTS\lib\</path>
         <kind>archive</kind>
         <file>rtsv7M4_T_le_v4SPD16_eabi.lib</file>
         <name>fd_add_t2.obj</name>
      </input_file>
      <input_file id="fl-d0">
         <path>C:\ti\ccsv6\tools\compiler\arm_15.12.3.LTS\lib\</path>
         <kind>archive</kind>
         <file>rtsv7M4_T_le_v4SPD16_eabi.lib</file>
         <name>fd_mul_t2.obj</name>
      </input_file>
      <input_file id="fl-d1">
         <path>C:\ti\ccsv6\tools\compiler\arm_15.12.3.LTS\lib\</path>
         <kind>archive</kind>
         <file>rtsv7M4_T_le_v4SPD16_eabi.lib</file>
         <name>fd_toi_t2.obj</name>
      </input_file>
      <input_file id="fl-d2">
         <path>C:\ti\ccsv6\tools\compiler\arm_15.12.3.LTS\lib\</path>
         <kind>archive</kind>
         <file>rtsv7M4_T_le_v4SPD16_eabi.lib</file>
         <name>fd_tos_t2.obj</name>
      </input_file>
      <input_file id="fl-d3">
         <path>C:\ti\ccsv6\tools\compiler\arm_15.12.3.LTS\lib\</path>
         <kind>archive</kind>
         <file>rtsv7M4_T_le_v4SPD16_eabi.lib</file>
         <name>fd_tou_t2.obj</name>
      </input_file>
      <input_file id="fl-d4">
         <path>C:\ti\ccsv6\tools\compiler\arm_15.12.3.LTS\lib\</path>
         <kind>archive</kind>
         <file>rtsv7M4_T_le_v4SPD16_eabi.lib</file>
         <name>fs_tod_t2.obj</name>
      </input_file>
      <input_file id="fl-d5">
         <path>C:\ti\ccsv6\tools\compiler\arm_15.12.3.LTS\lib\</path>
         <kind>archive</kind>
         <file>rtsv7M4_T_le_v4SPD16_eabi.lib</file>
         <name>memcpy_t2.obj</name>
      </input_file>
      <input_file id="fl-d6">
         <path>C:\ti\ccsv6\tools\compiler\arm_15.12.3.LTS\lib\</path>
         <kind>archive</kind>
         <file>rtsv7M4_T_le_v4SPD16_eabi.lib</file>
         <name>memory.obj</name>
      </input_file>
      <input_file id="fl-d7">
         <path>C:\ti\ccsv6\tools\compiler\arm_15.12.3.LTS\lib\</path>
         <kind>archive</kind>
         <file>rtsv7M4_T_le_v4SPD16_eabi.lib</file>
         <name>memset_t2.obj</name>
      </input_file>
      <input_file id="fl-d8">
         <path>C:\ti\ccsv6\tools\compiler\arm_15.12.3.LTS\lib\</path>
         <kind>archive</kind>
         <file>rtsv7M4_T_le_v4SPD16_eabi.lib</file>
         <name>mpu_init.obj</name>
      </input_file>
      <input_file id="fl-d9">
         <path>C:\ti\ccsv6\tools\compiler\arm_15.12.3.LTS\lib\</path>
         <kind>archive</kind>
         <file>rtsv7M4_T_le_v4SPD16_eabi.lib</file>
         <name>pre_init.obj</name>
      </input_file>
      <input_file id="fl-da">
         <path>C:\ti\ccsv6\tools\compiler\arm_15.12.3.LTS\lib\</path>
         <kind>archive</kind>
         <file>rtsv7M4_T_le_v4SPD16_eabi.lib</file>
         <name>stkdepth_vars.obj</name>
      </input_file>
      <input_file id="fl-db">
         <path>C:\ti\ccsv6\tools\compiler\arm_15.12.3.LTS\lib\</path>
         <kind>archive</kind>
         <file>rtsv7M4_T_le_v4SPD16_eabi.lib</file>
         <name>u_divt2.obj</name>
      </input_file>
      <input_file id="fl-dc">
         <path>C:\ti\ccsv6\tools\compiler\arm_15.12.3.LTS\lib\</path>
         <kind>archive</kind>
         <file>rtsv7M4_T_le_v4SPD16_eabi.lib</file>
         <name>u_tofd_t2.obj</name>
      </input_file>
      <input_file id="fl-dd">
         <path>C:\ti\ccsv6\tools\compiler\arm_15.12.3.LTS\lib\</path>
         <kind>archive</kind>
         <file>rtsv7M4_T_le_v4SPD16_eabi.lib</file>
         <name>_lock.obj</name>
      </input_file>
      <input_file id="fl-de">
         <path>C:\ti\ccsv6\tools\compiler\arm_15.12.3.LTS\lib\</path>
         <kind>archive</kind>
         <file>rtsv7M4_T_le_v4SPD16_eabi.lib</file>
         <name>args_main.obj</name>
      </input_file>
      <input_file id="fl-df">
         <path>C:\ti\ccsv6\tools\compiler\arm_15.12.3.LTS\lib\</path>
         <kind>archive</kind>
         <file>rtsv7M4_T_le_v4SPD16_eabi.lib</file>
         <name>autoinit.obj</name>
      </input_file>
      <input_file id="fl-e0">
         <path>C:\ti\ccsv6\tools\compiler\arm_15.12.3.LTS\lib\</path>
         <kind>archive</kind>
         <file>rtsv7M4_T_le_v4SPD16_eabi.lib</file>
         <name>cpy_tbl.obj</name>
      </input_file>
      <input_file id="fl-e1">
         <path>C:\ti\ccsv6\tools\compiler\arm_15.12.3.LTS\lib\</path>
         <kind>archive</kind>
         <file>rtsv7M4_T_le_v4SPD16_eabi.lib</file>
         <name>i_div0.obj</name>
      </input_file>
      <input_file id="fl-e2">
         <path>C:\ti\ccsv6\tools\compiler\arm_15.12.3.LTS\lib\</path>
         <kind>archive</kind>
         <file>rtsv7M4_T_le_v4SPD16_eabi.lib</file>
         <name>startup.obj</name>
      </input_file>
      <input_file id="fl-e3">
         <path>C:\ti\TivaWare_C_Series-2.1.3.156\driverlib\ccs\Debug\</path>
         <kind>archive</kind>
         <file>driverlib.lib</file>
         <name>gpio.obj</name>
      </input_file>
      <input_file id="fl-e4">
         <path>C:\ti\TivaWare_C_Series-2.1.3.156\driverlib\ccs\Debug\</path>
         <kind>archive</kind>
         <file>driverlib.lib</file>
         <name>interrupt.obj</name>
      </input_file>
      <input_file id="fl-e5">
         <path>C:\ti\TivaWare_C_Series-2.1.3.156\driverlib\ccs\Debug\</path>
         <kind>archive</kind>
         <file>driverlib.lib</file>
         <name>pwm.obj</name>
      </input_file>
      <input_file id="fl-e6">
         <path>C:\ti\TivaWare_C_Series-2.1.3.156\driverlib\ccs\Debug\</path>
         <kind>archive</kind>
         <file>driverlib.lib</file>
         <name>ssi.obj</name>
      </input_file>
      <input_file id="fl-e7">
         <path>C:\ti\TivaWare_C_Series-2.1.3.156\driverlib\ccs\Debug\</path>
         <kind>archive</kind>
         <file>driverlib.lib</file>
         <name>sysctl.obj</name>
      </input_file>
      <input_file id="fl-e8">
         <path>C:\ti\TivaWare_C_Series-2.1.3.156\driverlib\ccs\Debug\</path>
         <kind>archive</kind>
         <file>driverlib.lib</file>
         <name>timer.obj</name>
      </input_file>
      <input_file id="fl-e9">
         <path>C:\ti\TivaWare_C_Series-2.1.3.156\driverlib\ccs\Debug\</path>
         <kind>archive</kind>
         <file>driverlib.lib</file>
         <name>cpu.obj</name>
      </input_file>
   </input_file_list>
   <object_component_list>
      <object_component id="oc-f">
         <name>.intvecs</name>
         <load_address>0x0</load_address>
         <run_address>0x0</run_address>
         <size>0x26c</size>
         <input_file_ref idref="fl-9"/>
      </object_component>
      <object_component id="oc-1d7">
         <name>.text</name>
         <load_address>0x26c</load_address>
         <run_address>0x26c</run_address>
         <size>0xcc4</size>
         <input_file_ref idref="fl-2"/>
      </object_component>
      <object_component id="oc-2e5">
         <name>.text</name>
         <load_address>0xf30</load_address>
         <run_address>0xf30</run_address>
         <size>0x950</size>
         <input_file_ref idref="fl-e"/>
      </object_component>
      <object_component id="oc-28a">
         <name>.text</name>
         <load_address>0x1880</load_address>
         <run_address>0x1880</run_address>
         <size>0x384</size>
         <input_file_ref idref="fl-c"/>
      </object_component>
      <object_component id="oc-110">
         <name>.text</name>
         <load_address>0x1c04</load_address>
         <run_address>0x1c04</run_address>
         <size>0x338</size>
         <input_file_ref idref="fl-5"/>
      </object_component>
      <object_component id="oc-284">
         <name>.text</name>
         <load_address>0x1f3c</load_address>
         <run_address>0x1f3c</run_address>
         <size>0x204</size>
         <input_file_ref idref="fl-d"/>
      </object_component>
      <object_component id="oc-184">
         <name>.text</name>
         <load_address>0x2140</load_address>
         <run_address>0x2140</run_address>
         <size>0x1b6</size>
         <input_file_ref idref="fl-cf"/>
      </object_component>
      <object_component id="oc-258">
         <name>.text:GPIOPadConfigSet</name>
         <load_address>0x22f6</load_address>
         <run_address>0x22f6</run_address>
         <size>0x132</size>
         <input_file_ref idref="fl-e3"/>
      </object_component>
      <object_component id="oc-9c">
         <name>.text:SysCtlClockGet</name>
         <load_address>0x2428</load_address>
         <run_address>0x2428</run_address>
         <size>0x110</size>
         <input_file_ref idref="fl-e7"/>
      </object_component>
      <object_component id="oc-1a0">
         <name>.text</name>
         <load_address>0x2538</load_address>
         <run_address>0x2538</run_address>
         <size>0x100</size>
         <input_file_ref idref="fl-7"/>
      </object_component>
      <object_component id="oc-d1">
         <name>.text</name>
         <load_address>0x2638</load_address>
         <run_address>0x2638</run_address>
         <size>0xfc</size>
         <input_file_ref idref="fl-d0"/>
      </object_component>
      <object_component id="oc-18e">
         <name>.text:SysCtlClockSet</name>
         <load_address>0x2734</load_address>
         <run_address>0x2734</run_address>
         <size>0xf4</size>
         <input_file_ref idref="fl-e7"/>
      </object_component>
      <object_component id="oc-34">
         <name>.text</name>
         <load_address>0x2828</load_address>
         <run_address>0x2828</run_address>
         <size>0xcc</size>
         <input_file_ref idref="fl-8"/>
      </object_component>
      <object_component id="oc-1dd">
         <name>.text</name>
         <load_address>0x28f4</load_address>
         <run_address>0x28f4</run_address>
         <size>0xa4</size>
         <input_file_ref idref="fl-6"/>
      </object_component>
      <object_component id="oc-3e">
         <name>.text</name>
         <load_address>0x2998</load_address>
         <run_address>0x2998</run_address>
         <size>0x9c</size>
         <input_file_ref idref="fl-d5"/>
      </object_component>
      <object_component id="oc-57">
         <name>.text</name>
         <load_address>0x2a34</load_address>
         <run_address>0x2a34</run_address>
         <size>0x7a</size>
         <input_file_ref idref="fl-d7"/>
      </object_component>
      <object_component id="oc-2d9">
         <name>.text</name>
         <load_address>0x2aae</load_address>
         <run_address>0x2aae</run_address>
         <size>0x2</size>
         <input_file_ref idref="fl-e1"/>
      </object_component>
      <object_component id="oc-6f">
         <name>.text</name>
         <load_address>0x2ab0</load_address>
         <run_address>0x2ab0</run_address>
         <size>0x70</size>
         <input_file_ref idref="fl-df"/>
      </object_component>
      <object_component id="oc-1e8">
         <name>.text</name>
         <load_address>0x2b20</load_address>
         <run_address>0x2b20</run_address>
         <size>0x6e</size>
         <input_file_ref idref="fl-d2"/>
      </object_component>
      <object_component id="oc-63">
         <name>.text</name>
         <load_address>0x2b8e</load_address>
         <run_address>0x2b8e</run_address>
         <size>0x2</size>
         <input_file_ref idref="fl-d8"/>
      </object_component>
      <object_component id="oc-1b2">
         <name>.text</name>
         <load_address>0x2b90</load_address>
         <run_address>0x2b90</run_address>
         <size>0x6c</size>
         <input_file_ref idref="fl-3"/>
      </object_component>
      <object_component id="oc-4a">
         <name>.text</name>
         <load_address>0x2bfc</load_address>
         <run_address>0x2bfc</run_address>
         <size>0x6a</size>
         <input_file_ref idref="fl-cc"/>
      </object_component>
      <object_component id="oc-108">
         <name>.text</name>
         <load_address>0x2c66</load_address>
         <run_address>0x2c66</run_address>
         <size>0x2</size>
         <input_file_ref idref="fl-e2"/>
      </object_component>
      <object_component id="oc-c0">
         <name>.text:IntEnable</name>
         <load_address>0x2c68</load_address>
         <run_address>0x2c68</run_address>
         <size>0x68</size>
         <input_file_ref idref="fl-e4"/>
      </object_component>
      <object_component id="oc-a2">
         <name>.text:TimerConfigure</name>
         <load_address>0x2cd0</load_address>
         <run_address>0x2cd0</run_address>
         <size>0x60</size>
         <input_file_ref idref="fl-e8"/>
      </object_component>
      <object_component id="oc-2fa">
         <name>.text</name>
         <load_address>0x2d30</load_address>
         <run_address>0x2d30</run_address>
         <size>0x5c</size>
         <input_file_ref idref="fl-f"/>
      </object_component>
      <object_component id="oc-1be">
         <name>.text:GPIOIntTypeSet</name>
         <load_address>0x2d8c</load_address>
         <run_address>0x2d8c</run_address>
         <size>0x56</size>
         <input_file_ref idref="fl-e3"/>
      </object_component>
      <object_component id="oc-24">
         <name>.text</name>
         <load_address>0x2de4</load_address>
         <run_address>0x2de4</run_address>
         <size>0x54</size>
         <input_file_ref idref="fl-ca"/>
      </object_component>
      <object_component id="oc-7b">
         <name>.text</name>
         <load_address>0x2e38</load_address>
         <run_address>0x2e38</run_address>
         <size>0x54</size>
         <input_file_ref idref="fl-ce"/>
      </object_component>
      <object_component id="oc-13a">
         <name>.text:_TimerIntNumberGet</name>
         <load_address>0x2e8c</load_address>
         <run_address>0x2e8c</run_address>
         <size>0x4c</size>
         <input_file_ref idref="fl-e8"/>
      </object_component>
      <object_component id="oc-102">
         <name>.text</name>
         <load_address>0x2ed8</load_address>
         <run_address>0x2ed8</run_address>
         <size>0x4c</size>
         <input_file_ref idref="fl-e0"/>
      </object_component>
      <object_component id="oc-1ac">
         <name>.text:GPIOPinConfigure</name>
         <load_address>0x2f24</load_address>
         <run_address>0x2f24</run_address>
         <size>0x48</size>
         <input_file_ref idref="fl-e3"/>
      </object_component>
      <object_component id="oc-189">
         <name>.text</name>
         <load_address>0x2f6c</load_address>
         <run_address>0x2f6c</run_address>
         <size>0x48</size>
         <input_file_ref idref="fl-d1"/>
      </object_component>
      <object_component id="oc-d6">
         <name>.text</name>
         <load_address>0x2fb4</load_address>
         <run_address>0x2fb4</run_address>
         <size>0x44</size>
         <input_file_ref idref="fl-d3"/>
      </object_component>
      <object_component id="oc-26e">
         <name>.text:_GPIOIntNumberGet</name>
         <load_address>0x2ff8</load_address>
         <run_address>0x2ff8</run_address>
         <size>0x40</size>
         <input_file_ref idref="fl-e3"/>
      </object_component>
      <object_component id="oc-279">
         <name>.text</name>
         <load_address>0x3038</load_address>
         <run_address>0x3038</run_address>
         <size>0x40</size>
         <input_file_ref idref="fl-db"/>
      </object_component>
      <object_component id="oc-30c">
         <name>.text:SSIConfigSetExpClk</name>
         <load_address>0x3078</load_address>
         <run_address>0x3078</run_address>
         <size>0x3c</size>
         <input_file_ref idref="fl-e6"/>
      </object_component>
      <object_component id="oc-1ca">
         <name>.text:SysCtlPeripheralReady</name>
         <load_address>0x30b4</load_address>
         <run_address>0x30b4</run_address>
         <size>0x38</size>
         <input_file_ref idref="fl-e7"/>
      </object_component>
      <object_component id="oc-1e3">
         <name>.text</name>
         <load_address>0x30ec</load_address>
         <run_address>0x30ec</run_address>
         <size>0x38</size>
         <input_file_ref idref="fl-d4"/>
      </object_component>
      <object_component id="oc-140">
         <name>.text:IntRegister</name>
         <load_address>0x3124</load_address>
         <run_address>0x3124</run_address>
         <size>0x34</size>
         <input_file_ref idref="fl-e4"/>
      </object_component>
      <object_component id="oc-19a">
         <name>.text:SysCtlPeripheralEnable</name>
         <load_address>0x3158</load_address>
         <run_address>0x3158</run_address>
         <size>0x34</size>
         <input_file_ref idref="fl-e7"/>
      </object_component>
      <object_component id="oc-252">
         <name>.text:GPIODirModeSet</name>
         <load_address>0x318c</load_address>
         <run_address>0x318c</run_address>
         <size>0x2a</size>
         <input_file_ref idref="fl-e3"/>
      </object_component>
      <object_component id="oc-231">
         <name>.text:PWMGenConfigure</name>
         <load_address>0x31b6</load_address>
         <run_address>0x31b6</run_address>
         <size>0x22</size>
         <input_file_ref idref="fl-e5"/>
      </object_component>
      <object_component id="oc-cc">
         <name>.text</name>
         <load_address>0x31d8</load_address>
         <run_address>0x31d8</run_address>
         <size>0x20</size>
         <input_file_ref idref="fl-dc"/>
      </object_component>
      <object_component id="oc-243">
         <name>.text:PWMPulseWidthSet</name>
         <load_address>0x31f8</load_address>
         <run_address>0x31f8</run_address>
         <size>0x1e</size>
         <input_file_ref idref="fl-e5"/>
      </object_component>
      <object_component id="oc-1b8">
         <name>.text:GPIOIntRegister</name>
         <load_address>0x3216</load_address>
         <run_address>0x3216</run_address>
         <size>0x18</size>
         <input_file_ref idref="fl-e3"/>
      </object_component>
      <object_component id="oc-31e">
         <name>.text:GPIOPinTypeGPIOOutput</name>
         <load_address>0x322e</load_address>
         <run_address>0x322e</run_address>
         <size>0x18</size>
         <input_file_ref idref="fl-e3"/>
      </object_component>
      <object_component id="oc-b4">
         <name>.text:TimerIntRegister</name>
         <load_address>0x3246</load_address>
         <run_address>0x3246</run_address>
         <size>0x18</size>
         <input_file_ref idref="fl-e8"/>
      </object_component>
      <object_component id="oc-75">
         <name>.text</name>
         <load_address>0x3260</load_address>
         <run_address>0x3260</run_address>
         <size>0x18</size>
         <input_file_ref idref="fl-de"/>
      </object_component>
      <object_component id="oc-ae">
         <name>.text:TimerControlEvent</name>
         <load_address>0x3278</load_address>
         <run_address>0x3278</run_address>
         <size>0x16</size>
         <input_file_ref idref="fl-e8"/>
      </object_component>
      <object_component id="oc-194">
         <name>.text:SysCtlPWMClockSet</name>
         <load_address>0x3290</load_address>
         <run_address>0x3290</run_address>
         <size>0x14</size>
         <input_file_ref idref="fl-e7"/>
      </object_component>
      <object_component id="oc-202">
         <name>.text</name>
         <load_address>0x32a4</load_address>
         <run_address>0x32a4</run_address>
         <size>0x14</size>
         <input_file_ref idref="fl-dd"/>
      </object_component>
      <object_component id="oc-263">
         <name>.text:GPIOPinTypeGPIOInput</name>
         <load_address>0x32b8</load_address>
         <run_address>0x32b8</run_address>
         <size>0x12</size>
         <input_file_ref idref="fl-e3"/>
      </object_component>
      <object_component id="oc-1a6">
         <name>.text:GPIOPinTypePWM</name>
         <load_address>0x32ca</load_address>
         <run_address>0x32ca</run_address>
         <size>0x12</size>
         <input_file_ref idref="fl-e3"/>
      </object_component>
      <object_component id="oc-300">
         <name>.text:GPIOPinTypeSSI</name>
         <load_address>0x32dc</load_address>
         <run_address>0x32dc</run_address>
         <size>0x12</size>
         <input_file_ref idref="fl-e3"/>
      </object_component>
      <object_component id="oc-1d1">
         <name>.text:GPIOPinTypeTimer</name>
         <load_address>0x32ee</load_address>
         <run_address>0x32ee</run_address>
         <size>0x12</size>
         <input_file_ref idref="fl-e3"/>
      </object_component>
      <object_component id="oc-23d">
         <name>.text:PWMOutputState</name>
         <load_address>0x3300</load_address>
         <run_address>0x3300</run_address>
         <size>0x12</size>
         <input_file_ref idref="fl-e5"/>
      </object_component>
      <object_component id="oc-96">
         <name>.text:TimerLoadSet</name>
         <load_address>0x3312</load_address>
         <run_address>0x3312</run_address>
         <size>0x12</size>
         <input_file_ref idref="fl-e8"/>
      </object_component>
      <object_component id="oc-a8">
         <name>.text:TimerPrescaleSet</name>
         <load_address>0x3324</load_address>
         <run_address>0x3324</run_address>
         <size>0x12</size>
         <input_file_ref idref="fl-e8"/>
      </object_component>
      <object_component id="oc-249">
         <name>.text:PWMGenPeriodSet</name>
         <load_address>0x3336</load_address>
         <run_address>0x3336</run_address>
         <size>0x10</size>
         <input_file_ref idref="fl-e5"/>
      </object_component>
      <object_component id="oc-c6">
         <name>.text:TimerEnable</name>
         <load_address>0x3346</load_address>
         <run_address>0x3346</run_address>
         <size>0xe</size>
         <input_file_ref idref="fl-e8"/>
      </object_component>
      <object_component id="oc-12">
         <name>.text:decompress:none</name>
         <load_address>0x3354</load_address>
         <run_address>0x3354</run_address>
         <size>0xe</size>
         <input_file_ref idref="fl-cb"/>
      </object_component>
      <object_component id="oc-1c4">
         <name>.text:GPIOIntEnable</name>
         <load_address>0x3362</load_address>
         <run_address>0x3362</run_address>
         <size>0xc</size>
         <input_file_ref idref="fl-e3"/>
      </object_component>
      <object_component id="oc-237">
         <name>.text:PWMGenEnable</name>
         <load_address>0x336e</load_address>
         <run_address>0x336e</run_address>
         <size>0xc</size>
         <input_file_ref idref="fl-e5"/>
      </object_component>
      <object_component id="oc-330">
         <name>.text:SSIDataGet</name>
         <load_address>0x337a</load_address>
         <run_address>0x337a</run_address>
         <size>0xc</size>
         <input_file_ref idref="fl-e6"/>
      </object_component>
      <object_component id="oc-2e">
         <name>.text</name>
         <load_address>0x3386</load_address>
         <run_address>0x3386</run_address>
         <size>0xc</size>
         <input_file_ref idref="fl-9"/>
      </object_component>
      <object_component id="oc-32a">
         <name>.text:SSIDataPut</name>
         <load_address>0x3392</load_address>
         <run_address>0x3392</run_address>
         <size>0xa</size>
         <input_file_ref idref="fl-e6"/>
      </object_component>
      <object_component id="oc-312">
         <name>.text:SSIEnable</name>
         <load_address>0x339c</load_address>
         <run_address>0x339c</run_address>
         <size>0xa</size>
         <input_file_ref idref="fl-e6"/>
      </object_component>
      <object_component id="oc-90">
         <name>.text:TimerValueGet</name>
         <load_address>0x33a6</load_address>
         <run_address>0x33a6</run_address>
         <size>0xa</size>
         <input_file_ref idref="fl-e8"/>
      </object_component>
      <object_component id="oc-324">
         <name>.text:SSIBusy</name>
         <load_address>0x33b0</load_address>
         <run_address>0x33b0</run_address>
         <size>0x8</size>
         <input_file_ref idref="fl-e6"/>
      </object_component>
      <object_component id="oc-ba">
         <name>.text:TimerIntEnable</name>
         <load_address>0x33b8</load_address>
         <run_address>0x33b8</run_address>
         <size>0x8</size>
         <input_file_ref idref="fl-e8"/>
      </object_component>
      <object_component id="oc-178">
         <name>.text:GPIOIntClear</name>
         <load_address>0x33c0</load_address>
         <run_address>0x33c0</run_address>
         <size>0x6</size>
         <input_file_ref idref="fl-e3"/>
      </object_component>
      <object_component id="oc-17e">
         <name>.text:GPIOPinRead</name>
         <load_address>0x33c6</load_address>
         <run_address>0x33c6</run_address>
         <size>0x6</size>
         <input_file_ref idref="fl-e3"/>
      </object_component>
      <object_component id="oc-318">
         <name>.text:GPIOPinWrite</name>
         <load_address>0x33cc</load_address>
         <run_address>0x33cc</run_address>
         <size>0x6</size>
         <input_file_ref idref="fl-e3"/>
      </object_component>
      <object_component id="oc-306">
         <name>.text:SSIClockSourceSet</name>
         <load_address>0x33d2</load_address>
         <run_address>0x33d2</run_address>
         <size>0x6</size>
         <input_file_ref idref="fl-e6"/>
      </object_component>
      <object_component id="oc-1d0">
         <name>.text:SysCtlDelay</name>
         <load_address>0x33d8</load_address>
         <run_address>0x33d8</run_address>
         <size>0x6</size>
         <input_file_ref idref="fl-e7"/>
      </object_component>
      <object_component id="oc-18">
         <name>.text:decompress:rle24</name>
         <load_address>0x33de</load_address>
         <run_address>0x33de</run_address>
         <size>0x6</size>
         <input_file_ref idref="fl-cc"/>
      </object_component>
      <object_component id="oc-8a">
         <name>.text:TimerIntClear</name>
         <load_address>0x33e4</load_address>
         <run_address>0x33e4</run_address>
         <size>0x4</size>
         <input_file_ref idref="fl-e8"/>
      </object_component>
      <object_component id="oc-69">
         <name>.text</name>
         <load_address>0x33e8</load_address>
         <run_address>0x33e8</run_address>
         <size>0x4</size>
         <input_file_ref idref="fl-d9"/>
      </object_component>
      <object_component id="oc-336">
         <name>.const:.string:rgbOledFont0</name>
         <load_address>0x33ec</load_address>
         <run_address>0x33ec</run_address>
         <size>0x300</size>
         <input_file_ref idref="fl-a"/>
      </object_component>
      <object_component id="oc-2d2">
         <name>.const:g_ppui32GPIOIntMapBlizzard</name>
         <load_address>0x36ec</load_address>
         <run_address>0x36ec</run_address>
         <size>0xc0</size>
         <input_file_ref idref="fl-e3"/>
      </object_component>
      <object_component id="oc-2d5">
         <name>.const:g_ppui32GPIOIntMapSnowflake</name>
         <load_address>0x37ac</load_address>
         <run_address>0x37ac</run_address>
         <size>0xc0</size>
         <input_file_ref idref="fl-e3"/>
      </object_component>
      <object_component id="oc-25f">
         <name>.const:g_pui32GPIOBaseAddrs</name>
         <load_address>0x386c</load_address>
         <run_address>0x386c</run_address>
         <size>0x90</size>
         <input_file_ref idref="fl-e3"/>
      </object_component>
      <object_component id="oc-148">
         <name>.const</name>
         <load_address>0x38fc</load_address>
         <run_address>0x38fc</run_address>
         <size>0x70</size>
         <input_file_ref idref="fl-e4"/>
      </object_component>
      <object_component id="oc-133">
         <name>.const:g_pui32Xtals</name>
         <load_address>0x396c</load_address>
         <run_address>0x396c</run_address>
         <size>0x6c</size>
         <input_file_ref idref="fl-e7"/>
      </object_component>
      <object_component id="oc-213">
         <name>.const:g_ppui32TimerIntMap</name>
         <load_address>0x39d8</load_address>
         <run_address>0x39d8</run_address>
         <size>0x60</size>
         <input_file_ref idref="fl-e8"/>
      </object_component>
      <object_component id="oc-33c">
         <name>.const:.string:rgbFillPat</name>
         <load_address>0x3a38</load_address>
         <run_address>0x3a38</run_address>
         <size>0x40</size>
         <input_file_ref idref="fl-b"/>
      </object_component>
      <object_component id="oc-216">
         <name>.const:g_ppui32TimerIntMapSnowflake</name>
         <load_address>0x3a78</load_address>
         <run_address>0x3a78</run_address>
         <size>0x40</size>
         <input_file_ref idref="fl-e8"/>
      </object_component>
      <object_component id="oc-281">
         <name>.const:g_psDaysToMonth</name>
         <load_address>0x3ab8</load_address>
         <run_address>0x3ab8</run_address>
         <size>0x30</size>
         <input_file_ref idref="fl-2"/>
      </object_component>
      <object_component id="oc-1f5">
         <name>.const:.string:$P$T2$3</name>
         <load_address>0x3ae8</load_address>
         <run_address>0x3ae8</run_address>
         <size>0x18</size>
         <input_file_ref idref="fl-5"/>
      </object_component>
      <object_component id="oc-290">
         <name>.const:g_pfExponents</name>
         <load_address>0x3b00</load_address>
         <run_address>0x3b00</run_address>
         <size>0x18</size>
         <input_file_ref idref="fl-2"/>
      </object_component>
      <object_component id="oc-2e0">
         <name>.const:.string</name>
         <load_address>0x3b18</load_address>
         <run_address>0x3b18</run_address>
         <size>0x12</size>
         <input_file_ref idref="fl-2"/>
      </object_component>
      <object_component id="oc-269">
         <name>.const:$P$T0$1</name>
         <load_address>0x3b2c</load_address>
         <run_address>0x3b2c</run_address>
         <size>0x10</size>
         <input_file_ref idref="fl-3"/>
      </object_component>
      <object_component id="oc-1ef">
         <name>.const:$P$T0$1</name>
         <load_address>0x3b3c</load_address>
         <run_address>0x3b3c</run_address>
         <size>0x10</size>
         <input_file_ref idref="fl-5"/>
      </object_component>
      <object_component id="oc-2a2">
         <name>.const:$P$T0$1</name>
         <load_address>0x3b4c</load_address>
         <run_address>0x3b4c</run_address>
         <size>0x10</size>
         <input_file_ref idref="fl-6"/>
      </object_component>
      <object_component id="oc-1f2">
         <name>.const:$P$T1$2</name>
         <load_address>0x3b5c</load_address>
         <run_address>0x3b5c</run_address>
         <size>0x10</size>
         <input_file_ref idref="fl-5"/>
      </object_component>
      <object_component id="oc-27e">
         <name>.const</name>
         <load_address>0x3b6c</load_address>
         <run_address>0x3b6c</run_address>
         <size>0x4</size>
         <input_file_ref idref="fl-2"/>
      </object_component>
      <object_component id="oc-399">
         <name>.cinit..data.load</name>
         <load_address>0x3b70</load_address>
         <run_address>0x3b70</run_address>
         <size>0x19</size>
      </object_component>
      <object_component id="oc-39a">
         <name>.cinit..bss.load</name>
         <load_address>0x3b90</load_address>
         <run_address>0x3b90</run_address>
         <size>0xb</size>
      </object_component>
      <object_component id="oc-398">
         <name>.cinit..vtable.load</name>
         <load_address>0x3ba0</load_address>
         <run_address>0x3ba0</run_address>
         <size>0xb</size>
      </object_component>
      <object_component id="oc-396">
         <name>__TI_handler_table</name>
         <load_address>0x3bac</load_address>
         <run_address>0x3bac</run_address>
         <size>0x8</size>
      </object_component>
      <object_component id="oc-397">
         <name>__TI_cinit_table</name>
         <load_address>0x3bb4</load_address>
         <run_address>0x3bb4</run_address>
         <size>0x18</size>
      </object_component>
      <object_component id="oc-21a">
         <name>.vtable</name>
         <uninitialized>true</uninitialized>
         <run_address>0x20000000</run_address>
         <size>0x26c</size>
         <input_file_ref idref="fl-e4"/>
      </object_component>
      <object_component id="oc-293">
         <name>.data</name>
         <load_address>0x20000800</load_address>
         <run_address>0x20000800</run_address>
         <size>0x4</size>
         <input_file_ref idref="fl-2"/>
      </object_component>
      <object_component id="oc-118">
         <name>.data:$O1$$</name>
         <load_address>0x200007ec</load_address>
         <run_address>0x200007ec</run_address>
         <size>0xc</size>
         <input_file_ref idref="fl-ce"/>
      </object_component>
      <object_component id="oc-81">
         <name>.data</name>
         <load_address>0x20000804</load_address>
         <run_address>0x20000804</run_address>
         <size>0x4</size>
         <input_file_ref idref="fl-da"/>
      </object_component>
      <object_component id="oc-11b">
         <name>.data:$O1$$</name>
         <load_address>0x200007f8</load_address>
         <run_address>0x200007f8</run_address>
         <size>0x8</size>
         <input_file_ref idref="fl-dd"/>
      </object_component>
      <object_component id="oc-24f">
         <name>.bss:new_pwm_out$1</name>
         <uninitialized>true</uninitialized>
         <run_address>0x2000056c</run_address>
         <size>0x18</size>
         <input_file_ref idref="fl-7"/>
      </object_component>
      <object_component id="oc-db">
         <name>.common:pwmcounter_count</name>
         <uninitialized>true</uninitialized>
         <run_address>0x200005cc</run_address>
         <size>0x4</size>
      </object_component>
      <object_component id="oc-1ee">
         <name>.common:button_alt_down</name>
         <uninitialized>true</uninitialized>
         <run_address>0x20000584</run_address>
         <size>0x10</size>
      </object_component>
      <object_component id="oc-1ed">
         <name>.common:button_alt_up</name>
         <uninitialized>true</uninitialized>
         <run_address>0x20000594</run_address>
         <size>0x10</size>
      </object_component>
      <object_component id="oc-352">
         <name>.common:xcoOledCur</name>
         <uninitialized>true</uninitialized>
         <run_address>0x200005d8</run_address>
         <size>0x4</size>
      </object_component>
      <object_component id="oc-353">
         <name>.common:ycoOledCur</name>
         <uninitialized>true</uninitialized>
         <run_address>0x200005e4</run_address>
         <size>0x4</size>
      </object_component>
      <object_component id="oc-2f8">
         <name>.common:pbOledCur</name>
         <uninitialized>true</uninitialized>
         <run_address>0x200005b8</run_address>
         <size>0x4</size>
      </object_component>
      <object_component id="oc-354">
         <name>.common:bnOledCur</name>
         <uninitialized>true</uninitialized>
         <run_address>0x200005a4</run_address>
         <size>0x4</size>
      </object_component>
      <object_component id="oc-33a">
         <name>.common:clrOledCur</name>
         <uninitialized>true</uninitialized>
         <run_address>0x200005e8</run_address>
         <size>0x1</size>
      </object_component>
      <object_component id="oc-33b">
         <name>.common:pbOledPatCur</name>
         <uninitialized>true</uninitialized>
         <run_address>0x200005c4</run_address>
         <size>0x4</size>
      </object_component>
      <object_component id="oc-2f6">
         <name>.common:fOledCharUpdate</name>
         <uninitialized>true</uninitialized>
         <run_address>0x200005b0</run_address>
         <size>0x4</size>
      </object_component>
      <object_component id="oc-2f1">
         <name>.common:dxcoOledFontCur</name>
         <uninitialized>true</uninitialized>
         <run_address>0x200005a8</run_address>
         <size>0x4</size>
      </object_component>
      <object_component id="oc-2f4">
         <name>.common:dycoOledFontCur</name>
         <uninitialized>true</uninitialized>
         <run_address>0x200005ac</run_address>
         <size>0x4</size>
      </object_component>
      <object_component id="oc-2f7">
         <name>.common:pbOledFontCur</name>
         <uninitialized>true</uninitialized>
         <run_address>0x200005bc</run_address>
         <size>0x4</size>
      </object_component>
      <object_component id="oc-2f5">
         <name>.common:pbOledFontUser</name>
         <uninitialized>true</uninitialized>
         <run_address>0x200005c0</run_address>
         <size>0x4</size>
      </object_component>
      <object_component id="oc-33f">
         <name>.common:rgbOledBmp</name>
         <uninitialized>true</uninitialized>
         <run_address>0x2000026c</run_address>
         <size>0x200</size>
      </object_component>
      <object_component id="oc-2ef">
         <name>.common:xchOledCur</name>
         <uninitialized>true</uninitialized>
         <run_address>0x200005d0</run_address>
         <size>0x4</size>
      </object_component>
      <object_component id="oc-2f0">
         <name>.common:ychOledCur</name>
         <uninitialized>true</uninitialized>
         <run_address>0x200005dc</run_address>
         <size>0x4</size>
      </object_component>
      <object_component id="oc-2eb">
         <name>.common:xchOledMax</name>
         <uninitialized>true</uninitialized>
         <run_address>0x200005d4</run_address>
         <size>0x4</size>
      </object_component>
      <object_component id="oc-2ee">
         <name>.common:ychOledMax</name>
         <uninitialized>true</uninitialized>
         <run_address>0x200005e0</run_address>
         <size>0x4</size>
      </object_component>
      <object_component id="oc-339">
         <name>.common:rgbOledFontUser</name>
         <uninitialized>true</uninitialized>
         <run_address>0x2000046c</run_address>
         <size>0x100</size>
      </object_component>
      <object_component id="oc-358">
         <name>.common:pfnDoRop</name>
         <uninitialized>true</uninitialized>
         <run_address>0x200005c8</run_address>
         <size>0x4</size>
      </object_component>
      <object_component id="oc-355">
         <name>.common:modOledCur</name>
         <uninitialized>true</uninitialized>
         <run_address>0x200005b4</run_address>
         <size>0x4</size>
      </object_component>
      <object_component id="oc-2b">
         <name>.sysmem</name>
         <uninitialized>true</uninitialized>
         <run_address>0x20000808</run_address>
         <size>0x8</size>
         <input_file_ref idref="fl-d6"/>
      </object_component>
      <object_component id="oc-39c">
         <name>.sysmem</name>
         <uninitialized>true</uninitialized>
         <run_address>0x20000808</run_address>
         <size>0x0</size>
      </object_component>
      <object_component id="oc-2a">
         <name>.stack</name>
         <uninitialized>true</uninitialized>
         <run_address>0x200005ec</run_address>
         <size>0x0</size>
         <input_file_ref idref="fl-ca"/>
      </object_component>
      <object_component id="oc-39b">
         <name>.stack</name>
         <uninitialized>true</uninitialized>
         <run_address>0x200005ec</run_address>
         <size>0x0</size>
      </object_component>
      <object_component id="oc-297">
         <name>.debug_info</name>
         <load_address>0x0</load_address>
         <run_address>0x0</run_address>
         <size>0x1e0</size>
         <input_file_ref idref="fl-2"/>
      </object_component>
      <object_component id="oc-27f">
         <name>.debug_info</name>
         <load_address>0x1e0</load_address>
         <run_address>0x1e0</run_address>
         <size>0xc1</size>
         <input_file_ref idref="fl-2"/>
      </object_component>
      <object_component id="oc-282">
         <name>.debug_info</name>
         <load_address>0x2a1</load_address>
         <run_address>0x2a1</run_address>
         <size>0xd2</size>
         <input_file_ref idref="fl-2"/>
      </object_component>
      <object_component id="oc-291">
         <name>.debug_info</name>
         <load_address>0x373</load_address>
         <run_address>0x373</run_address>
         <size>0xce</size>
         <input_file_ref idref="fl-2"/>
      </object_component>
      <object_component id="oc-294">
         <name>.debug_info</name>
         <load_address>0x441</load_address>
         <run_address>0x441</run_address>
         <size>0xce</size>
         <input_file_ref idref="fl-2"/>
      </object_component>
      <object_component id="oc-1da">
         <name>.debug_info</name>
         <load_address>0x50f</load_address>
         <run_address>0x50f</run_address>
         <size>0x1529</size>
         <input_file_ref idref="fl-2"/>
      </object_component>
      <object_component id="oc-298">
         <name>.debug_info</name>
         <load_address>0x1a38</load_address>
         <run_address>0x1a38</run_address>
         <size>0x189</size>
         <input_file_ref idref="fl-2"/>
      </object_component>
      <object_component id="oc-f0">
         <name>.debug_info</name>
         <load_address>0x1bc1</load_address>
         <run_address>0x1bc1</run_address>
         <size>0x84</size>
         <input_file_ref idref="fl-2"/>
      </object_component>
      <object_component id="oc-e1">
         <name>.debug_info</name>
         <load_address>0x1c45</load_address>
         <run_address>0x1c45</run_address>
         <size>0x18b</size>
         <input_file_ref idref="fl-2"/>
      </object_component>
      <object_component id="oc-29d">
         <name>.debug_info</name>
         <load_address>0x1dd0</load_address>
         <run_address>0x1dd0</run_address>
         <size>0x4e</size>
         <input_file_ref idref="fl-2"/>
      </object_component>
      <object_component id="oc-26d">
         <name>.debug_info</name>
         <load_address>0x1e1e</load_address>
         <run_address>0x1e1e</run_address>
         <size>0x12e</size>
         <input_file_ref idref="fl-3"/>
      </object_component>
      <object_component id="oc-26a">
         <name>.debug_info</name>
         <load_address>0x1f4c</load_address>
         <run_address>0x1f4c</run_address>
         <size>0xb5</size>
         <input_file_ref idref="fl-3"/>
      </object_component>
      <object_component id="oc-1b5">
         <name>.debug_info</name>
         <load_address>0x2001</load_address>
         <run_address>0x2001</run_address>
         <size>0x22c</size>
         <input_file_ref idref="fl-3"/>
      </object_component>
      <object_component id="oc-153">
         <name>.debug_info</name>
         <load_address>0x222d</load_address>
         <run_address>0x222d</run_address>
         <size>0x8b</size>
         <input_file_ref idref="fl-3"/>
      </object_component>
      <object_component id="oc-15d">
         <name>.debug_info</name>
         <load_address>0x22b8</load_address>
         <run_address>0x22b8</run_address>
         <size>0x8a</size>
         <input_file_ref idref="fl-3"/>
      </object_component>
      <object_component id="oc-dc">
         <name>.debug_info</name>
         <load_address>0x2342</load_address>
         <run_address>0x2342</run_address>
         <size>0x769</size>
         <input_file_ref idref="fl-5"/>
      </object_component>
      <object_component id="oc-1f0">
         <name>.debug_info</name>
         <load_address>0x2aab</load_address>
         <run_address>0x2aab</run_address>
         <size>0xb3</size>
         <input_file_ref idref="fl-5"/>
      </object_component>
      <object_component id="oc-1f3">
         <name>.debug_info</name>
         <load_address>0x2b5e</load_address>
         <run_address>0x2b5e</run_address>
         <size>0xb3</size>
         <input_file_ref idref="fl-5"/>
      </object_component>
      <object_component id="oc-1f6">
         <name>.debug_info</name>
         <load_address>0x2c11</load_address>
         <run_address>0x2c11</run_address>
         <size>0xb3</size>
         <input_file_ref idref="fl-5"/>
      </object_component>
      <object_component id="oc-111">
         <name>.debug_info</name>
         <load_address>0x2cc4</load_address>
         <run_address>0x2cc4</run_address>
         <size>0x8ea</size>
         <input_file_ref idref="fl-5"/>
      </object_component>
      <object_component id="oc-158">
         <name>.debug_info</name>
         <load_address>0x35ae</load_address>
         <run_address>0x35ae</run_address>
         <size>0x8a</size>
         <input_file_ref idref="fl-5"/>
      </object_component>
      <object_component id="oc-162">
         <name>.debug_info</name>
         <load_address>0x3638</load_address>
         <run_address>0x3638</run_address>
         <size>0xb2</size>
         <input_file_ref idref="fl-5"/>
      </object_component>
      <object_component id="oc-2a6">
         <name>.debug_info</name>
         <load_address>0x36ea</load_address>
         <run_address>0x36ea</run_address>
         <size>0x9f</size>
         <input_file_ref idref="fl-6"/>
      </object_component>
      <object_component id="oc-2a3">
         <name>.debug_info</name>
         <load_address>0x3789</load_address>
         <run_address>0x3789</run_address>
         <size>0xb2</size>
         <input_file_ref idref="fl-6"/>
      </object_component>
      <object_component id="oc-1e0">
         <name>.debug_info</name>
         <load_address>0x383b</load_address>
         <run_address>0x383b</run_address>
         <size>0x479</size>
         <input_file_ref idref="fl-6"/>
      </object_component>
      <object_component id="oc-251">
         <name>.debug_info</name>
         <load_address>0x3cb4</load_address>
         <run_address>0x3cb4</run_address>
         <size>0x1e9</size>
         <input_file_ref idref="fl-7"/>
      </object_component>
      <object_component id="oc-1a2">
         <name>.debug_info</name>
         <load_address>0x3e9d</load_address>
         <run_address>0x3e9d</run_address>
         <size>0x3e0</size>
         <input_file_ref idref="fl-7"/>
      </object_component>
      <object_component id="oc-de">
         <name>.debug_info</name>
         <load_address>0x427d</load_address>
         <run_address>0x427d</run_address>
         <size>0x30a</size>
         <input_file_ref idref="fl-8"/>
      </object_component>
      <object_component id="oc-38">
         <name>.debug_info</name>
         <load_address>0x4587</load_address>
         <run_address>0x4587</run_address>
         <size>0x31a</size>
         <input_file_ref idref="fl-8"/>
      </object_component>
      <object_component id="oc-3c">
         <name>.debug_info</name>
         <load_address>0x48a1</load_address>
         <run_address>0x48a1</run_address>
         <size>0x13c</size>
         <input_file_ref idref="fl-9"/>
      </object_component>
      <object_component id="oc-10">
         <name>.debug_info</name>
         <load_address>0x49dd</load_address>
         <run_address>0x49dd</run_address>
         <size>0xd2</size>
         <input_file_ref idref="fl-9"/>
      </object_component>
      <object_component id="oc-2f">
         <name>.debug_info</name>
         <load_address>0x4aaf</load_address>
         <run_address>0x4aaf</run_address>
         <size>0x24e</size>
         <input_file_ref idref="fl-9"/>
      </object_component>
      <object_component id="oc-36b">
         <name>.debug_info</name>
         <load_address>0x4cfd</load_address>
         <run_address>0x4cfd</run_address>
         <size>0xbc</size>
         <input_file_ref idref="fl-a"/>
      </object_component>
      <object_component id="oc-337">
         <name>.debug_info</name>
         <load_address>0x4db9</load_address>
         <run_address>0x4db9</run_address>
         <size>0xd0</size>
         <input_file_ref idref="fl-a"/>
      </object_component>
      <object_component id="oc-36e">
         <name>.debug_info</name>
         <load_address>0x4e89</load_address>
         <run_address>0x4e89</run_address>
         <size>0xb9</size>
         <input_file_ref idref="fl-b"/>
      </object_component>
      <object_component id="oc-33d">
         <name>.debug_info</name>
         <load_address>0x4f42</load_address>
         <run_address>0x4f42</run_address>
         <size>0xcb</size>
         <input_file_ref idref="fl-b"/>
      </object_component>
      <object_component id="oc-2f2">
         <name>.debug_info</name>
         <load_address>0x500d</load_address>
         <run_address>0x500d</run_address>
         <size>0x6be</size>
         <input_file_ref idref="fl-c"/>
      </object_component>
      <object_component id="oc-28e">
         <name>.debug_info</name>
         <load_address>0x56cb</load_address>
         <run_address>0x56cb</run_address>
         <size>0xb1f</size>
         <input_file_ref idref="fl-c"/>
      </object_component>
      <object_component id="oc-2ec">
         <name>.debug_info</name>
         <load_address>0x61ea</load_address>
         <run_address>0x61ea</run_address>
         <size>0x2fa</size>
         <input_file_ref idref="fl-d"/>
      </object_component>
      <object_component id="oc-285">
         <name>.debug_info</name>
         <load_address>0x64e4</load_address>
         <run_address>0x64e4</run_address>
         <size>0x7d6</size>
         <input_file_ref idref="fl-d"/>
      </object_component>
      <object_component id="oc-356">
         <name>.debug_info</name>
         <load_address>0x6cba</load_address>
         <run_address>0x6cba</run_address>
         <size>0x2ed</size>
         <input_file_ref idref="fl-e"/>
      </object_component>
      <object_component id="oc-2e7">
         <name>.debug_info</name>
         <load_address>0x6fa7</load_address>
         <run_address>0x6fa7</run_address>
         <size>0x191a</size>
         <input_file_ref idref="fl-e"/>
      </object_component>
      <object_component id="oc-2fb">
         <name>.debug_info</name>
         <load_address>0x88c1</load_address>
         <run_address>0x88c1</run_address>
         <size>0x1f5</size>
         <input_file_ref idref="fl-f"/>
      </object_component>
      <object_component id="oc-26">
         <name>.debug_info</name>
         <load_address>0x8ab6</load_address>
         <run_address>0x8ab6</run_address>
         <size>0x161</size>
         <input_file_ref idref="fl-ca"/>
      </object_component>
      <object_component id="oc-49">
         <name>.debug_info</name>
         <load_address>0x8c17</load_address>
         <run_address>0x8c17</run_address>
         <size>0x141</size>
         <input_file_ref idref="fl-cb"/>
      </object_component>
      <object_component id="oc-14">
         <name>.debug_info</name>
         <load_address>0x8d58</load_address>
         <run_address>0x8d58</run_address>
         <size>0x1e0</size>
         <input_file_ref idref="fl-cb"/>
      </object_component>
      <object_component id="oc-44">
         <name>.debug_info</name>
         <load_address>0x8f38</load_address>
         <run_address>0x8f38</run_address>
         <size>0x46</size>
         <input_file_ref idref="fl-cb"/>
      </object_component>
      <object_component id="oc-e9">
         <name>.debug_info</name>
         <load_address>0x8f7e</load_address>
         <run_address>0x8f7e</run_address>
         <size>0x2c</size>
         <input_file_ref idref="fl-cb"/>
      </object_component>
      <object_component id="oc-51">
         <name>.debug_info</name>
         <load_address>0x8faa</load_address>
         <run_address>0x8faa</run_address>
         <size>0x135</size>
         <input_file_ref idref="fl-cc"/>
      </object_component>
      <object_component id="oc-4b">
         <name>.debug_info</name>
         <load_address>0x90df</load_address>
         <run_address>0x90df</run_address>
         <size>0x248</size>
         <input_file_ref idref="fl-cc"/>
      </object_component>
      <object_component id="oc-19">
         <name>.debug_info</name>
         <load_address>0x9327</load_address>
         <run_address>0x9327</run_address>
         <size>0x1b2</size>
         <input_file_ref idref="fl-cc"/>
      </object_component>
      <object_component id="oc-52">
         <name>.debug_info</name>
         <load_address>0x94d9</load_address>
         <run_address>0x94d9</run_address>
         <size>0x39</size>
         <input_file_ref idref="fl-cc"/>
      </object_component>
      <object_component id="oc-f8">
         <name>.debug_info</name>
         <load_address>0x9512</load_address>
         <run_address>0x9512</run_address>
         <size>0x2c</size>
         <input_file_ref idref="fl-cc"/>
      </object_component>
      <object_component id="oc-11f">
         <name>.debug_info</name>
         <load_address>0x953e</load_address>
         <run_address>0x953e</run_address>
         <size>0x235</size>
         <input_file_ref idref="fl-ce"/>
      </object_component>
      <object_component id="oc-119">
         <name>.debug_info</name>
         <load_address>0x9773</load_address>
         <run_address>0x9773</run_address>
         <size>0x186</size>
         <input_file_ref idref="fl-ce"/>
      </object_component>
      <object_component id="oc-7e">
         <name>.debug_info</name>
         <load_address>0x98f9</load_address>
         <run_address>0x98f9</run_address>
         <size>0x215</size>
         <input_file_ref idref="fl-ce"/>
      </object_component>
      <object_component id="oc-185">
         <name>.debug_info</name>
         <load_address>0x9b0e</load_address>
         <run_address>0x9b0e</run_address>
         <size>0x145</size>
         <input_file_ref idref="fl-cf"/>
      </object_component>
      <object_component id="oc-d3">
         <name>.debug_info</name>
         <load_address>0x9c53</load_address>
         <run_address>0x9c53</run_address>
         <size>0x133</size>
         <input_file_ref idref="fl-d0"/>
      </object_component>
      <object_component id="oc-18a">
         <name>.debug_info</name>
         <load_address>0x9d86</load_address>
         <run_address>0x9d86</run_address>
         <size>0x127</size>
         <input_file_ref idref="fl-d1"/>
      </object_component>
      <object_component id="oc-1e9">
         <name>.debug_info</name>
         <load_address>0x9ead</load_address>
         <run_address>0x9ead</run_address>
         <size>0x137</size>
         <input_file_ref idref="fl-d2"/>
      </object_component>
      <object_component id="oc-d9">
         <name>.debug_info</name>
         <load_address>0x9fe4</load_address>
         <run_address>0x9fe4</run_address>
         <size>0x132</size>
         <input_file_ref idref="fl-d3"/>
      </object_component>
      <object_component id="oc-1e6">
         <name>.debug_info</name>
         <load_address>0xa116</load_address>
         <run_address>0xa116</run_address>
         <size>0x125</size>
         <input_file_ref idref="fl-d4"/>
      </object_component>
      <object_component id="oc-40">
         <name>.debug_info</name>
         <load_address>0xa23b</load_address>
         <run_address>0xa23b</run_address>
         <size>0x112</size>
         <input_file_ref idref="fl-d5"/>
      </object_component>
      <object_component id="oc-87">
         <name>.debug_info</name>
         <load_address>0xa34d</load_address>
         <run_address>0xa34d</run_address>
         <size>0x223</size>
         <input_file_ref idref="fl-d6"/>
      </object_component>
      <object_component id="oc-2c">
         <name>.debug_info</name>
         <load_address>0xa570</load_address>
         <run_address>0xa570</run_address>
         <size>0x102</size>
         <input_file_ref idref="fl-d6"/>
      </object_component>
      <object_component id="oc-125">
         <name>.debug_info</name>
         <load_address>0xa672</load_address>
         <run_address>0xa672</run_address>
         <size>0x2c</size>
         <input_file_ref idref="fl-d6"/>
      </object_component>
      <object_component id="oc-12a">
         <name>.debug_info</name>
         <load_address>0xa69e</load_address>
         <run_address>0xa69e</run_address>
         <size>0x62</size>
         <input_file_ref idref="fl-d6"/>
      </object_component>
      <object_component id="oc-58">
         <name>.debug_info</name>
         <load_address>0xa700</load_address>
         <run_address>0xa700</run_address>
         <size>0x140</size>
         <input_file_ref idref="fl-d7"/>
      </object_component>
      <object_component id="oc-64">
         <name>.debug_info</name>
         <load_address>0xa840</load_address>
         <run_address>0xa840</run_address>
         <size>0x139</size>
         <input_file_ref idref="fl-d8"/>
      </object_component>
      <object_component id="oc-6c">
         <name>.debug_info</name>
         <load_address>0xa979</load_address>
         <run_address>0xa979</run_address>
         <size>0x149</size>
         <input_file_ref idref="fl-d9"/>
      </object_component>
      <object_component id="oc-82">
         <name>.debug_info</name>
         <load_address>0xaac2</load_address>
         <run_address>0xaac2</run_address>
         <size>0x10a</size>
         <input_file_ref idref="fl-da"/>
      </object_component>
      <object_component id="oc-27c">
         <name>.debug_info</name>
         <load_address>0xabcc</load_address>
         <run_address>0xabcc</run_address>
         <size>0x13b</size>
         <input_file_ref idref="fl-db"/>
      </object_component>
      <object_component id="oc-ce">
         <name>.debug_info</name>
         <load_address>0xad07</load_address>
         <run_address>0xad07</run_address>
         <size>0x127</size>
         <input_file_ref idref="fl-dc"/>
      </object_component>
      <object_component id="oc-20a">
         <name>.debug_info</name>
         <load_address>0xae2e</load_address>
         <run_address>0xae2e</run_address>
         <size>0x125</size>
         <input_file_ref idref="fl-dd"/>
      </object_component>
      <object_component id="oc-11c">
         <name>.debug_info</name>
         <load_address>0xaf53</load_address>
         <run_address>0xaf53</run_address>
         <size>0x114</size>
         <input_file_ref idref="fl-dd"/>
      </object_component>
      <object_component id="oc-206">
         <name>.debug_info</name>
         <load_address>0xb067</load_address>
         <run_address>0xb067</run_address>
         <size>0x220</size>
         <input_file_ref idref="fl-dd"/>
      </object_component>
      <object_component id="oc-117">
         <name>.debug_info</name>
         <load_address>0xb287</load_address>
         <run_address>0xb287</run_address>
         <size>0x167</size>
         <input_file_ref idref="fl-de"/>
      </object_component>
      <object_component id="oc-79">
         <name>.debug_info</name>
         <load_address>0xb3ee</load_address>
         <run_address>0xb3ee</run_address>
         <size>0x168</size>
         <input_file_ref idref="fl-de"/>
      </object_component>
      <object_component id="oc-1fb">
         <name>.debug_info</name>
         <load_address>0xb556</load_address>
         <run_address>0xb556</run_address>
         <size>0x5e</size>
         <input_file_ref idref="fl-de"/>
      </object_component>
      <object_component id="oc-10f">
         <name>.debug_info</name>
         <load_address>0xb5b4</load_address>
         <run_address>0xb5b4</run_address>
         <size>0x2ea</size>
         <input_file_ref idref="fl-df"/>
      </object_component>
      <object_component id="oc-71">
         <name>.debug_info</name>
         <load_address>0xb89e</load_address>
         <run_address>0xb89e</run_address>
         <size>0x191</size>
         <input_file_ref idref="fl-df"/>
      </object_component>
      <object_component id="oc-16e">
         <name>.debug_info</name>
         <load_address>0xba2f</load_address>
         <run_address>0xba2f</run_address>
         <size>0x39</size>
         <input_file_ref idref="fl-df"/>
      </object_component>
      <object_component id="oc-173">
         <name>.debug_info</name>
         <load_address>0xba68</load_address>
         <run_address>0xba68</run_address>
         <size>0xcd</size>
         <input_file_ref idref="fl-df"/>
      </object_component>
      <object_component id="oc-16a">
         <name>.debug_info</name>
         <load_address>0xbb35</load_address>
         <run_address>0xbb35</run_address>
         <size>0x1e1</size>
         <input_file_ref idref="fl-e0"/>
      </object_component>
      <object_component id="oc-103">
         <name>.debug_info</name>
         <load_address>0xbd16</load_address>
         <run_address>0xbd16</run_address>
         <size>0x184</size>
         <input_file_ref idref="fl-e0"/>
      </object_component>
      <object_component id="oc-224">
         <name>.debug_info</name>
         <load_address>0xbe9a</load_address>
         <run_address>0xbe9a</run_address>
         <size>0x2c</size>
         <input_file_ref idref="fl-e0"/>
      </object_component>
      <object_component id="oc-2da">
         <name>.debug_info</name>
         <load_address>0xbec6</load_address>
         <run_address>0xbec6</run_address>
         <size>0x148</size>
         <input_file_ref idref="fl-e1"/>
      </object_component>
      <object_component id="oc-109">
         <name>.debug_info</name>
         <load_address>0xc00e</load_address>
         <run_address>0xc00e</run_address>
         <size>0x146</size>
         <input_file_ref idref="fl-e2"/>
      </object_component>
      <object_component id="oc-22a">
         <name>.debug_info</name>
         <load_address>0xc154</load_address>
         <run_address>0xc154</run_address>
         <size>0x230</size>
         <input_file_ref idref="fl-e3"/>
      </object_component>
      <object_component id="oc-2d3">
         <name>.debug_info</name>
         <load_address>0xc384</load_address>
         <run_address>0xc384</run_address>
         <size>0x167</size>
         <input_file_ref idref="fl-e3"/>
      </object_component>
      <object_component id="oc-2d6">
         <name>.debug_info</name>
         <load_address>0xc4eb</load_address>
         <run_address>0xc4eb</run_address>
         <size>0x169</size>
         <input_file_ref idref="fl-e3"/>
      </object_component>
      <object_component id="oc-260">
         <name>.debug_info</name>
         <load_address>0xc654</load_address>
         <run_address>0xc654</run_address>
         <size>0x15b</size>
         <input_file_ref idref="fl-e3"/>
      </object_component>
      <object_component id="oc-319">
         <name>.debug_info</name>
         <load_address>0xc7af</load_address>
         <run_address>0xc7af</run_address>
         <size>0x2a3</size>
         <input_file_ref idref="fl-e3"/>
      </object_component>
      <object_component id="oc-253">
         <name>.debug_info</name>
         <load_address>0xca52</load_address>
         <run_address>0xca52</run_address>
         <size>0x2b3</size>
         <input_file_ref idref="fl-e3"/>
      </object_component>
      <object_component id="oc-259">
         <name>.debug_info</name>
         <load_address>0xcd05</load_address>
         <run_address>0xcd05</run_address>
         <size>0x316</size>
         <input_file_ref idref="fl-e3"/>
      </object_component>
      <object_component id="oc-1d2">
         <name>.debug_info</name>
         <load_address>0xd01b</load_address>
         <run_address>0xd01b</run_address>
         <size>0x27d</size>
         <input_file_ref idref="fl-e3"/>
      </object_component>
      <object_component id="oc-301">
         <name>.debug_info</name>
         <load_address>0xd298</load_address>
         <run_address>0xd298</run_address>
         <size>0x279</size>
         <input_file_ref idref="fl-e3"/>
      </object_component>
      <object_component id="oc-1a7">
         <name>.debug_info</name>
         <load_address>0xd511</load_address>
         <run_address>0xd511</run_address>
         <size>0x279</size>
         <input_file_ref idref="fl-e3"/>
      </object_component>
      <object_component id="oc-31f">
         <name>.debug_info</name>
         <load_address>0xd78a</load_address>
         <run_address>0xd78a</run_address>
         <size>0x2b7</size>
         <input_file_ref idref="fl-e3"/>
      </object_component>
      <object_component id="oc-264">
         <name>.debug_info</name>
         <load_address>0xda41</load_address>
         <run_address>0xda41</run_address>
         <size>0x285</size>
         <input_file_ref idref="fl-e3"/>
      </object_component>
      <object_component id="oc-17f">
         <name>.debug_info</name>
         <load_address>0xdcc6</load_address>
         <run_address>0xdcc6</run_address>
         <size>0x27b</size>
         <input_file_ref idref="fl-e3"/>
      </object_component>
      <object_component id="oc-1ad">
         <name>.debug_info</name>
         <load_address>0xdf41</load_address>
         <run_address>0xdf41</run_address>
         <size>0x280</size>
         <input_file_ref idref="fl-e3"/>
      </object_component>
      <object_component id="oc-26f">
         <name>.debug_info</name>
         <load_address>0xe1c1</load_address>
         <run_address>0xe1c1</run_address>
         <size>0x27e</size>
         <input_file_ref idref="fl-e3"/>
      </object_component>
      <object_component id="oc-1bf">
         <name>.debug_info</name>
         <load_address>0xe43f</load_address>
         <run_address>0xe43f</run_address>
         <size>0x2bb</size>
         <input_file_ref idref="fl-e3"/>
      </object_component>
      <object_component id="oc-1b9">
         <name>.debug_info</name>
         <load_address>0xe6fa</load_address>
         <run_address>0xe6fa</run_address>
         <size>0x2cf</size>
         <input_file_ref idref="fl-e3"/>
      </object_component>
      <object_component id="oc-1c5">
         <name>.debug_info</name>
         <load_address>0xe9c9</load_address>
         <run_address>0xe9c9</run_address>
         <size>0x28f</size>
         <input_file_ref idref="fl-e3"/>
      </object_component>
      <object_component id="oc-179">
         <name>.debug_info</name>
         <load_address>0xec58</load_address>
         <run_address>0xec58</run_address>
         <size>0x28d</size>
         <input_file_ref idref="fl-e3"/>
      </object_component>
      <object_component id="oc-14c">
         <name>.debug_info</name>
         <load_address>0xeee5</load_address>
         <run_address>0xeee5</run_address>
         <size>0x20e</size>
         <input_file_ref idref="fl-e4"/>
      </object_component>
      <object_component id="oc-149">
         <name>.debug_info</name>
         <load_address>0xf0f3</load_address>
         <run_address>0xf0f3</run_address>
         <size>0x210</size>
         <input_file_ref idref="fl-e4"/>
      </object_component>
      <object_component id="oc-21b">
         <name>.debug_info</name>
         <load_address>0xf303</load_address>
         <run_address>0xf303</run_address>
         <size>0x157</size>
         <input_file_ref idref="fl-e4"/>
      </object_component>
      <object_component id="oc-141">
         <name>.debug_info</name>
         <load_address>0xf45a</load_address>
         <run_address>0xf45a</run_address>
         <size>0x2c1</size>
         <input_file_ref idref="fl-e4"/>
      </object_component>
      <object_component id="oc-c1">
         <name>.debug_info</name>
         <load_address>0xf71b</load_address>
         <run_address>0xf71b</run_address>
         <size>0x268</size>
         <input_file_ref idref="fl-e4"/>
      </object_component>
      <object_component id="oc-2c2">
         <name>.debug_info</name>
         <load_address>0xf983</load_address>
         <run_address>0xf983</run_address>
         <size>0x1ed</size>
         <input_file_ref idref="fl-e5"/>
      </object_component>
      <object_component id="oc-244">
         <name>.debug_info</name>
         <load_address>0xfb70</load_address>
         <run_address>0xfb70</run_address>
         <size>0x2f6</size>
         <input_file_ref idref="fl-e5"/>
      </object_component>
      <object_component id="oc-23e">
         <name>.debug_info</name>
         <load_address>0xfe66</load_address>
         <run_address>0xfe66</run_address>
         <size>0x2c4</size>
         <input_file_ref idref="fl-e5"/>
      </object_component>
      <object_component id="oc-24a">
         <name>.debug_info</name>
         <load_address>0x1012a</load_address>
         <run_address>0x1012a</run_address>
         <size>0x2b6</size>
         <input_file_ref idref="fl-e5"/>
      </object_component>
      <object_component id="oc-239">
         <name>.debug_info</name>
         <load_address>0x103e0</load_address>
         <run_address>0x103e0</run_address>
         <size>0x276</size>
         <input_file_ref idref="fl-e5"/>
      </object_component>
      <object_component id="oc-233">
         <name>.debug_info</name>
         <load_address>0x10656</load_address>
         <run_address>0x10656</run_address>
         <size>0x2b3</size>
         <input_file_ref idref="fl-e5"/>
      </object_component>
      <object_component id="oc-361">
         <name>.debug_info</name>
         <load_address>0x10909</load_address>
         <run_address>0x10909</run_address>
         <size>0x21c</size>
         <input_file_ref idref="fl-e6"/>
      </object_component>
      <object_component id="oc-314">
         <name>.debug_info</name>
         <load_address>0x10b25</load_address>
         <run_address>0x10b25</run_address>
         <size>0x242</size>
         <input_file_ref idref="fl-e6"/>
      </object_component>
      <object_component id="oc-32b">
         <name>.debug_info</name>
         <load_address>0x10d67</load_address>
         <run_address>0x10d67</run_address>
         <size>0x276</size>
         <input_file_ref idref="fl-e6"/>
      </object_component>
      <object_component id="oc-331">
         <name>.debug_info</name>
         <load_address>0x10fdd</load_address>
         <run_address>0x10fdd</run_address>
         <size>0x27a</size>
         <input_file_ref idref="fl-e6"/>
      </object_component>
      <object_component id="oc-30d">
         <name>.debug_info</name>
         <load_address>0x11257</load_address>
         <run_address>0x11257</run_address>
         <size>0x3d9</size>
         <input_file_ref idref="fl-e6"/>
      </object_component>
      <object_component id="oc-307">
         <name>.debug_info</name>
         <load_address>0x11630</load_address>
         <run_address>0x11630</run_address>
         <size>0x28c</size>
         <input_file_ref idref="fl-e6"/>
      </object_component>
      <object_component id="oc-325">
         <name>.debug_info</name>
         <load_address>0x118bc</load_address>
         <run_address>0x118bc</run_address>
         <size>0x242</size>
         <input_file_ref idref="fl-e6"/>
      </object_component>
      <object_component id="oc-212">
         <name>.debug_info</name>
         <load_address>0x11afe</load_address>
         <run_address>0x11afe</run_address>
         <size>0x298</size>
         <input_file_ref idref="fl-e7"/>
      </object_component>
      <object_component id="oc-134">
         <name>.debug_info</name>
         <load_address>0x11d96</load_address>
         <run_address>0x11d96</run_address>
         <size>0x14d</size>
         <input_file_ref idref="fl-e7"/>
      </object_component>
      <object_component id="oc-1cc">
         <name>.debug_info</name>
         <load_address>0x11ee3</load_address>
         <run_address>0x11ee3</run_address>
         <size>0x27f</size>
         <input_file_ref idref="fl-e7"/>
      </object_component>
      <object_component id="oc-19c">
         <name>.debug_info</name>
         <load_address>0x12162</load_address>
         <run_address>0x12162</run_address>
         <size>0x27d</size>
         <input_file_ref idref="fl-e7"/>
      </object_component>
      <object_component id="oc-196">
         <name>.debug_info</name>
         <load_address>0x123df</load_address>
         <run_address>0x123df</run_address>
         <size>0x263</size>
         <input_file_ref idref="fl-e7"/>
      </object_component>
      <object_component id="oc-18f">
         <name>.debug_info</name>
         <load_address>0x12642</load_address>
         <run_address>0x12642</run_address>
         <size>0x2db</size>
         <input_file_ref idref="fl-e7"/>
      </object_component>
      <object_component id="oc-9d">
         <name>.debug_info</name>
         <load_address>0x1291d</load_address>
         <run_address>0x1291d</run_address>
         <size>0x2b5</size>
         <input_file_ref idref="fl-e7"/>
      </object_component>
      <object_component id="oc-2b4">
         <name>.debug_info</name>
         <load_address>0x12bd2</load_address>
         <run_address>0x12bd2</run_address>
         <size>0x5f</size>
         <input_file_ref idref="fl-e7"/>
      </object_component>
      <object_component id="oc-130">
         <name>.debug_info</name>
         <load_address>0x12c31</load_address>
         <run_address>0x12c31</run_address>
         <size>0x223</size>
         <input_file_ref idref="fl-e8"/>
      </object_component>
      <object_component id="oc-214">
         <name>.debug_info</name>
         <load_address>0x12e54</load_address>
         <run_address>0x12e54</run_address>
         <size>0x15a</size>
         <input_file_ref idref="fl-e8"/>
      </object_component>
      <object_component id="oc-217">
         <name>.debug_info</name>
         <load_address>0x12fae</load_address>
         <run_address>0x12fae</run_address>
         <size>0x16c</size>
         <input_file_ref idref="fl-e8"/>
      </object_component>
      <object_component id="oc-92">
         <name>.debug_info</name>
         <load_address>0x1311a</load_address>
         <run_address>0x1311a</run_address>
         <size>0x28a</size>
         <input_file_ref idref="fl-e8"/>
      </object_component>
      <object_component id="oc-aa">
         <name>.debug_info</name>
         <load_address>0x133a4</load_address>
         <run_address>0x133a4</run_address>
         <size>0x2c2</size>
         <input_file_ref idref="fl-e8"/>
      </object_component>
      <object_component id="oc-98">
         <name>.debug_info</name>
         <load_address>0x13666</load_address>
         <run_address>0x13666</run_address>
         <size>0x2ba</size>
         <input_file_ref idref="fl-e8"/>
      </object_component>
      <object_component id="oc-13c">
         <name>.debug_info</name>
         <load_address>0x13920</load_address>
         <run_address>0x13920</run_address>
         <size>0x2eb</size>
         <input_file_ref idref="fl-e8"/>
      </object_component>
      <object_component id="oc-b6">
         <name>.debug_info</name>
         <load_address>0x13c0b</load_address>
         <run_address>0x13c0b</run_address>
         <size>0x2e4</size>
         <input_file_ref idref="fl-e8"/>
      </object_component>
      <object_component id="oc-bc">
         <name>.debug_info</name>
         <load_address>0x13eef</load_address>
         <run_address>0x13eef</run_address>
         <size>0x294</size>
         <input_file_ref idref="fl-e8"/>
      </object_component>
      <object_component id="oc-8c">
         <name>.debug_info</name>
         <load_address>0x14183</load_address>
[...]
         <value>0x205d</value>
         <object_component_ref idref="oc-284"/>
      </symbol>
      <symbol id="sm-2c5">
         <name>OrbitOledDefUserChar</name>
         <value>0x1fa5</value>
         <object_component_ref idref="oc-284"/>
      </symbol>
      <symbol id="sm-2c6">
         <name>OrbitOledGetCursor</name>
         <value>0x1f89</value>
         <object_component_ref idref="oc-284"/>
      </symbol>
      <symbol id="sm-2c7">
         <name>OrbitOledSetCursor</name>
         <value>0x1f3d</value>
         <object_component_ref idref="oc-284"/>
      </symbol>
      <symbol id="sm-2c8">
         <name>OrbitOledPutChar</name>
         <value>0x2013</value>
         <object_component_ref idref="oc-284"/>
      </symbol>
      <symbol id="sm-2c9">
         <name>OrbitOledAdvanceCursor</name>
         <value>0x20d5</value>
         <object_component_ref idref="oc-284"/>
      </symbol>
      <symbol id="sm-366">
         <name>pfnDoRop</name>
         <value>0x200005c8</value>
      </symbol>
      <symbol id="sm-367">
         <name>modOledCur</name>
         <value>0x200005b4</value>
      </symbol>
      <symbol id="sm-368">
         <name>OrbitOledGetPixel</name>
         <value>0x1053</value>
         <object_component_ref idref="oc-2e5"/>
      </symbol>
      <symbol id="sm-369">
         <name>OrbitOledMoveUp</name>
         <value>0x1781</value>
         <object_component_ref idref="oc-2e5"/>
      </symbol>
      <symbol id="sm-36a">
         <name>OrbitOledMoveTo</name>
         <value>0xf31</value>
         <object_component_ref idref="oc-2e5"/>
      </symbol>
      <symbol id="sm-36b">
         <name>OrbitOledGetDrawMode</name>
         <value>0x1021</value>
         <object_component_ref idref="oc-2e5"/>
      </symbol>
      <symbol id="sm-36c">
         <name>OrbitOledDrawPixel</name>
         <value>0x1027</value>
         <object_component_ref idref="oc-2e5"/>
      </symbol>
      <symbol id="sm-36d">
         <name>OrbitOledDrawString</name>
         <value>0x16c1</value>
         <object_component_ref idref="oc-2e5"/>
      </symbol>
      <symbol id="sm-36e">
         <name>OrbitOledDrawChar</name>
         <value>0x1661</value>
         <object_component_ref idref="oc-2e5"/>
      </symbol>
      <symbol id="sm-36f">
         <name>OrbitOledMoveDown</name>
         <value>0x17b3</value>
         <object_component_ref idref="oc-2e5"/>
      </symbol>
      <symbol id="sm-370">
         <name>OrbitOledMoveRight</name>
         <value>0x1805</value>
         <object_component_ref idref="oc-2e5"/>
      </symbol>
      <symbol id="sm-371">
         <name>OrbitOledFillRect</name>
         <value>0x11f1</value>
         <object_component_ref idref="oc-2e5"/>
      </symbol>
      <symbol id="sm-372">
         <name>OrbitOledLineTo</name>
         <value>0x106d</value>
         <object_component_ref idref="oc-2e5"/>
      </symbol>
      <symbol id="sm-373">
         <name>OrbitOledGetStdPattern</name>
         <value>0xfab</value>
         <object_component_ref idref="oc-2e5"/>
      </symbol>
      <symbol id="sm-374">
         <name>OrbitOledSetDrawColor</name>
         <value>0xf93</value>
         <object_component_ref idref="oc-2e5"/>
      </symbol>
      <symbol id="sm-375">
         <name>OrbitOledDrawRect</name>
         <value>0x116d</value>
         <object_component_ref idref="oc-2e5"/>
      </symbol>
      <symbol id="sm-376">
         <name>OrbitOledClampYco</name>
         <value>0x183f</value>
         <object_component_ref idref="oc-2e5"/>
      </symbol>
      <symbol id="sm-377">
         <name>OrbitOledGetPos</name>
         <value>0xf77</value>
         <object_component_ref idref="oc-2e5"/>
      </symbol>
      <symbol id="sm-378">
         <name>OrbitOledRopSet</name>
         <value>0x16df</value>
         <object_component_ref idref="oc-2e5"/>
      </symbol>
      <symbol id="sm-379">
         <name>OrbitOledRopXor</name>
         <value>0x1751</value>
         <object_component_ref idref="oc-2e5"/>
      </symbol>
      <symbol id="sm-37a">
         <name>OrbitOledGetBmp</name>
         <value>0x1335</value>
         <object_component_ref idref="oc-2e5"/>
      </symbol>
      <symbol id="sm-37b">
         <name>OrbitOledMoveLeft</name>
         <value>0x17ed</value>
         <object_component_ref idref="oc-2e5"/>
      </symbol>
      <symbol id="sm-37c">
         <name>OrbitOledRopAnd</name>
         <value>0x172d</value>
         <object_component_ref idref="oc-2e5"/>
      </symbol>
      <symbol id="sm-37d">
         <name>OrbitOledPutBmp</name>
         <value>0x1495</value>
         <object_component_ref idref="oc-2e5"/>
      </symbol>
      <symbol id="sm-37e">
         <name>OrbitOledSetDrawMode</name>
         <value>0xfcd</value>
         <object_component_ref idref="oc-2e5"/>
      </symbol>
      <symbol id="sm-37f">
         <name>OrbitOledClampXco</name>
         <value>0x181f</value>
         <object_component_ref idref="oc-2e5"/>
      </symbol>
      <symbol id="sm-380">
         <name>OrbitOledSetFillPattern</name>
         <value>0xfbd</value>
         <object_component_ref idref="oc-2e5"/>
      </symbol>
      <symbol id="sm-381">
         <name>OrbitOledRopOr</name>
         <value>0x1709</value>
         <object_component_ref idref="oc-2e5"/>
      </symbol>
      <symbol id="sm-393">
         <name>DelayMs</name>
         <value>0x2d4b</value>
         <object_component_ref idref="oc-2fa"/>
      </symbol>
      <symbol id="sm-394">
         <name>DelayInit</name>
         <value>0x2d31</value>
         <object_component_ref idref="oc-2fa"/>
      </symbol>
      <symbol id="sm-3a5">
         <name>_c_int00</name>
         <value>0x2de5</value>
         <object_component_ref idref="oc-24"/>
      </symbol>
      <symbol id="sm-3a6">
         <name>__stack</name>
         <value>0x200005ec</value>
         <object_component_ref idref="oc-2a"/>
      </symbol>
      <symbol id="sm-3bd">
         <name>__TI_decompress_none</name>
         <value>0x3355</value>
         <object_component_ref idref="oc-12"/>
      </symbol>
      <symbol id="sm-3e5">
         <name>__TI_decompress_rle24</name>
         <value>0x33df</value>
         <object_component_ref idref="oc-18"/>
      </symbol>
      <symbol id="sm-407">
         <name>C$$EXIT</name>
         <value>0x2e39</value>
         <object_component_ref idref="oc-7b"/>
      </symbol>
      <symbol id="sm-408">
         <name>abort</name>
         <value>0x2e3d</value>
         <object_component_ref idref="oc-7b"/>
      </symbol>
      <symbol id="sm-409">
         <name>exit</name>
         <value>0x2e45</value>
         <object_component_ref idref="oc-7b"/>
      </symbol>
      <symbol id="sm-40a">
         <name>__TI_dtors_ptr</name>
         <value>0x200007f0</value>
         <object_component_ref idref="oc-118"/>
      </symbol>
      <symbol id="sm-40b">
         <name>__TI_cleanup_ptr</name>
         <value>0x200007ec</value>
         <object_component_ref idref="oc-118"/>
      </symbol>
      <symbol id="sm-40c">
         <name>__TI_enable_exit_profile_output</name>
         <value>0x200007f4</value>
         <object_component_ref idref="oc-118"/>
      </symbol>
      <symbol id="sm-423">
         <name>__aeabi_dsub</name>
         <value>0x2141</value>
         <object_component_ref idref="oc-184"/>
      </symbol>
      <symbol id="sm-424">
         <name>__aeabi_dadd</name>
         <value>0x214b</value>
         <object_component_ref idref="oc-184"/>
      </symbol>
      <symbol id="sm-42f">
         <name>__aeabi_dmul</name>
         <value>0x2639</value>
         <object_component_ref idref="oc-d1"/>
      </symbol>
      <symbol id="sm-439">
         <name>__aeabi_d2iz</name>
         <value>0x2f6d</value>
         <object_component_ref idref="oc-189"/>
      </symbol>
      <symbol id="sm-445">
         <name>__aeabi_d2f</name>
         <value>0x2b21</value>
         <object_component_ref idref="oc-1e8"/>
      </symbol>
      <symbol id="sm-44f">
         <name>__aeabi_d2uiz</name>
         <value>0x2fb5</value>
         <object_component_ref idref="oc-d6"/>
      </symbol>
      <symbol id="sm-45a">
         <name>__aeabi_f2d</name>
         <value>0x30ed</value>
         <object_component_ref idref="oc-1e3"/>
      </symbol>
      <symbol id="sm-475">
         <name>memcpy</name>
         <value>0x2999</value>
         <object_component_ref idref="oc-3e"/>
      </symbol>
      <symbol id="sm-476">
         <name>__aeabi_memcpy</name>
         <value>0x2999</value>
         <object_component_ref idref="oc-3e"/>
      </symbol>
      <symbol id="sm-477">
         <name>__aeabi_memcpy8</name>
         <value>0x2999</value>
         <object_component_ref idref="oc-3e"/>
      </symbol>
      <symbol id="sm-478">
         <name>__aeabi_memcpy4</name>
         <value>0x2999</value>
         <object_component_ref idref="oc-3e"/>
      </symbol>
      <symbol id="sm-48d">
         <name>_sys_memory</name>
         <value>0x20000808</value>
         <object_component_ref idref="oc-2b"/>
      </symbol>
      <symbol id="sm-49c">
         <name>__aeabi_memset</name>
         <value>0x2a37</value>
         <object_component_ref idref="oc-57"/>
      </symbol>
      <symbol id="sm-49d">
         <name>memset</name>
         <value>0x2a3d</value>
         <object_component_ref idref="oc-57"/>
      </symbol>
      <symbol id="sm-49e">
         <name>__aeabi_memset8</name>
         <value>0x2a37</value>
         <object_component_ref idref="oc-57"/>
      </symbol>
      <symbol id="sm-49f">
         <name>__aeabi_memset4</name>
         <value>0x2a37</value>
         <object_component_ref idref="oc-57"/>
      </symbol>
      <symbol id="sm-4a0">
         <name>__aeabi_memclr8</name>
         <value>0x2a35</value>
         <object_component_ref idref="oc-57"/>
      </symbol>
      <symbol id="sm-4a1">
         <name>__aeabi_memclr4</name>
         <value>0x2a35</value>
         <object_component_ref idref="oc-57"/>
      </symbol>
      <symbol id="sm-4a2">
         <name>__aeabi_memclr</name>
         <value>0x2a35</value>
         <object_component_ref idref="oc-57"/>
      </symbol>
      <symbol id="sm-4ac">
         <name>__mpu_init</name>
         <value>0x2b8f</value>
         <object_component_ref idref="oc-63"/>
      </symbol>
      <symbol id="sm-4b6">
         <name>_system_pre_init</name>
         <value>0x33e9</value>
         <object_component_ref idref="oc-69"/>
      </symbol>
      <symbol id="sm-4be">
         <name>main_func_sp</name>
         <value>0x20000804</value>
         <object_component_ref idref="oc-81"/>
      </symbol>
      <symbol id="sm-4cd">
         <name>__aeabi_uidivmod</name>
         <value>0x3039</value>
         <object_component_ref idref="oc-279"/>
      </symbol>
      <symbol id="sm-4ce">
         <name>__aeabi_uidiv</name>
         <value>0x3039</value>
         <object_component_ref idref="oc-279"/>
      </symbol>
      <symbol id="sm-4d8">
         <name>__aeabi_ui2d</name>
         <value>0x31d9</value>
         <object_component_ref idref="oc-cc"/>
      </symbol>
      <symbol id="sm-4f1">
         <name>_nop</name>
         <value>0x32b3</value>
         <object_component_ref idref="oc-202"/>
      </symbol>
      <symbol id="sm-4f2">
         <name>_lock</name>
         <value>0x200007f8</value>
         <object_component_ref idref="oc-11b"/>
      </symbol>
      <symbol id="sm-4f3">
         <name>_unlock</name>
         <value>0x200007fc</value>
         <object_component_ref idref="oc-11b"/>
      </symbol>
      <symbol id="sm-4f4">
         <name>_register_lock</name>
         <value>0x32ab</value>
         <object_component_ref idref="oc-202"/>
      </symbol>
      <symbol id="sm-4f5">
         <name>_register_unlock</name>
         <value>0x32a5</value>
         <object_component_ref idref="oc-202"/>
      </symbol>
      <symbol id="sm-509">
         <name>_args_main</name>
         <value>0x3261</value>
         <object_component_ref idref="oc-75"/>
      </symbol>
      <symbol id="sm-52e">
         <name>__TI_auto_init</name>
         <value>0x2ab1</value>
         <object_component_ref idref="oc-6f"/>
      </symbol>
      <symbol id="sm-548">
         <name>copy_in</name>
         <value>0x2ed9</value>
         <object_component_ref idref="oc-102"/>
      </symbol>
      <symbol id="sm-552">
         <name>__aeabi_idiv0</name>
         <value>0x2aaf</value>
         <object_component_ref idref="oc-2d9"/>
      </symbol>
      <symbol id="sm-55c">
         <name>_system_post_cinit</name>
         <value>0x2c67</value>
         <object_component_ref idref="oc-108"/>
      </symbol>
      <symbol id="sm-5fd">
         <name>GPIOPinTypePWM</name>
         <value>0x32cb</value>
         <object_component_ref idref="oc-1a6"/>
      </symbol>
      <symbol id="sm-5fe">
         <name>GPIOIntRegister</name>
         <value>0x3217</value>
         <object_component_ref idref="oc-1b8"/>
      </symbol>
      <symbol id="sm-5ff">
         <name>GPIOPinConfigure</name>
         <value>0x2f25</value>
         <object_component_ref idref="oc-1ac"/>
      </symbol>
      <symbol id="sm-600">
         <name>GPIOIntEnable</name>
         <value>0x3363</value>
         <object_component_ref idref="oc-1c4"/>
      </symbol>
      <symbol id="sm-601">
         <name>GPIOIntTypeSet</name>
         <value>0x2d8d</value>
         <object_component_ref idref="oc-1be"/>
      </symbol>
      <symbol id="sm-602">
         <name>GPIOPinTypeGPIOInput</name>
         <value>0x32b9</value>
         <object_component_ref idref="oc-263"/>
      </symbol>
      <symbol id="sm-603">
         <name>GPIOIntClear</name>
         <value>0x33c1</value>
         <object_component_ref idref="oc-178"/>
      </symbol>
      <symbol id="sm-604">
         <name>GPIOPinTypeGPIOOutput</name>
         <value>0x322f</value>
         <object_component_ref idref="oc-31e"/>
      </symbol>
      <symbol id="sm-605">
         <name>GPIOPinRead</name>
         <value>0x33c7</value>
         <object_component_ref idref="oc-17e"/>
      </symbol>
      <symbol id="sm-606">
         <name>GPIODirModeSet</name>
         <value>0x318d</value>
         <object_component_ref idref="oc-252"/>
      </symbol>
      <symbol id="sm-607">
         <name>GPIOPinWrite</name>
         <value>0x33cd</value>
         <object_component_ref idref="oc-318"/>
      </symbol>
      <symbol id="sm-608">
         <name>GPIOPadConfigSet</name>
         <value>0x22f7</value>
         <object_component_ref idref="oc-258"/>
      </symbol>
      <symbol id="sm-609">
         <name>GPIOPinTypeSSI</name>
         <value>0x32dd</value>
         <object_component_ref idref="oc-300"/>
      </symbol>
      <symbol id="sm-60a">
         <name>GPIOPinTypeTimer</name>
         <value>0x32ef</value>
         <object_component_ref idref="oc-1d1"/>
      </symbol>
      <symbol id="sm-643">
         <name>IntEnable</name>
         <value>0x2c69</value>
         <object_component_ref idref="oc-c0"/>
      </symbol>
      <symbol id="sm-644">
         <name>IntRegister</name>
         <value>0x3125</value>
         <object_component_ref idref="oc-140"/>
      </symbol>
      <symbol id="sm-645">
         <name>g_pfnRAMVectors</name>
         <value>0x20000000</value>
         <object_component_ref idref="oc-21a"/>
      </symbol>
      <symbol id="sm-672">
         <name>PWMGenPeriodSet</name>
         <value>0x3337</value>
         <object_component_ref idref="oc-249"/>
      </symbol>
      <symbol id="sm-673">
         <name>PWMPulseWidthSet</name>
         <value>0x31f9</value>
         <object_component_ref idref="oc-243"/>
      </symbol>
      <symbol id="sm-674">
         <name>PWMOutputState</name>
         <value>0x3301</value>
         <object_component_ref idref="oc-23d"/>
      </symbol>
      <symbol id="sm-675">
         <name>PWMGenEnable</name>
         <value>0x336f</value>
         <object_component_ref idref="oc-237"/>
      </symbol>
      <symbol id="sm-676">
         <name>PWMGenConfigure</name>
         <value>0x31b7</value>
         <object_component_ref idref="oc-231"/>
      </symbol>
      <symbol id="sm-6ae">
         <name>SSIDataPut</name>
         <value>0x3393</value>
         <object_component_ref idref="oc-32a"/>
      </symbol>
      <symbol id="sm-6af">
         <name>SSIDataGet</name>
         <value>0x337b</value>
         <object_component_ref idref="oc-330"/>
      </symbol>
      <symbol id="sm-6b0">
         <name>SSIConfigSetExpClk</name>
         <value>0x3079</value>
         <object_component_ref idref="oc-30c"/>
      </symbol>
      <symbol id="sm-6b1">
         <name>SSIEnable</name>
         <value>0x339d</value>
         <object_component_ref idref="oc-312"/>
      </symbol>
      <symbol id="sm-6b2">
         <name>SSIClockSourceSet</name>
         <value>0x33d3</value>
         <object_component_ref idref="oc-306"/>
      </symbol>
      <symbol id="sm-6b3">
         <name>SSIBusy</name>
         <value>0x33b1</value>
         <object_component_ref idref="oc-324"/>
      </symbol>
      <symbol id="sm-71a">
         <name>SysCtlClockSet</name>
         <value>0x2735</value>
         <object_component_ref idref="oc-18e"/>
      </symbol>
      <symbol id="sm-71b">
         <name>SysCtlDelay</name>
         <value>0x33d9</value>
         <object_component_ref idref="oc-1d0"/>
      </symbol>
      <symbol id="sm-71c">
         <name>SysCtlPeripheralEnable</name>
         <value>0x3159</value>
         <object_component_ref idref="oc-19a"/>
      </symbol>
      <symbol id="sm-71d">
         <name>SysCtlClockGet</name>
         <value>0x2429</value>
         <object_component_ref idref="oc-9c"/>
      </symbol>
      <symbol id="sm-71e">
         <name>SysCtlPWMClockSet</name>
         <value>0x3291</value>
         <object_component_ref idref="oc-194"/>
      </symbol>
      <symbol id="sm-71f">
         <name>SysCtlPeripheralReady</name>
         <value>0x30b5</value>
         <object_component_ref idref="oc-1ca"/>
      </symbol>
      <symbol id="sm-792">
         <name>TimerLoadSet</name>
         <value>0x3313</value>
         <object_component_ref idref="oc-96"/>
      </symbol>
      <symbol id="sm-793">
         <name>TimerIntRegister</name>
         <value>0x3247</value>
         <object_component_ref idref="oc-b4"/>
      </symbol>
      <symbol id="sm-794">
         <name>TimerEnable</name>
         <value>0x3347</value>
         <object_component_ref idref="oc-c6"/>
      </symbol>
      <symbol id="sm-795">
         <name>TimerValueGet</name>
         <value>0x33a7</value>
         <object_component_ref idref="oc-90"/>
      </symbol>
      <symbol id="sm-796">
         <name>TimerPrescaleSet</name>
         <value>0x3325</value>
         <object_component_ref idref="oc-a8"/>
      </symbol>
      <symbol id="sm-797">
         <name>TimerIntEnable</name>
         <value>0x33b9</value>
         <object_component_ref idref="oc-ba"/>
      </symbol>
      <symbol id="sm-798">
         <name>TimerConfigure</name>
         <value>0x2cd1</value>
         <object_component_ref idref="oc-a2"/>
      </symbol>
      <symbol id="sm-799">
         <name>TimerControlEvent</name>
         <value>0x3279</value>
         <object_component_ref idref="oc-ae"/>
      </symbol>
      <symbol id="sm-79a">
         <name>TimerIntClear</name>
         <value>0x33e5</value>
         <object_component_ref idref="oc-8a"/>
      </symbol>
      <symbol id="sm-79c">
         <name>__TI_static_base__</name>
         <value>0x0</value>
      </symbol>
      <symbol id="sm-79f">
         <name>SHT$$INIT_ARRAY$$Limit</name>
         <value>0x0</value>
      </symbol>
      <symbol id="sm-7a0">
         <name>SHT$$INIT_ARRAY$$Base</name>
         <value>0x0</value>
      </symbol>
   </symbol_table>
   <title>Link successful</title>
</link_info>
