******************************************************************************
                  TI ARM Linker PC v15.12.3                    
******************************************************************************
>> Linked Sun Apr 02 23:24:00 2017

OUTPUT FILE NAME:   <HeliProject.out>
ENTRY POINT SYMBOL: "_c_int00"  address: 00002de5


MEMORY CONFIGURATION

         name            origin    length      used     unused   attr    fill
----------------------  --------  ---------  --------  --------  ----  --------
  FLASH                 00000000   00040000  00003bcc  0003c434  R  X
  SRAM                  20000000   00008000  0000080d  000077f3  RW X


SEGMENT ALLOCATION MAP

run origin  load origin   length   init length attrs members
----------  ----------- ---------- ----------- ----- -------
00000000    00000000    00003bcc   00003bcc    r-x
  00000000    00000000    0000026c   0000026c    r-- .intvecs
  0000026c    0000026c    00003180   00003180    r-x .text
  000033ec    000033ec    00000784   00000784    r-- .const
  00003b70    00003b70    0000005c   0000005c    r-- .cinit
20000000    20000000    00000810   00000000    rw-
  20000000    20000000    0000026c   00000000    rw- .vtable
  2000026c    2000026c    0000037d   00000000    rw- .bss
  200005ec    200005ec    00000200   00000000    rw- .stack
  200007ec    200007ec    0000001c   00000000    rw- .data
  20000808    20000808    00000008   00000000    rw- .sysmem


SECTION ALLOCATION MAP

 output                                  attributes/
section   page    origin      length       input sections
--------  ----  ----------  ----------   ----------------
.intvecs   0    00000000    0000026c     
                  00000000    0000026c     tm4c123gh6pm_startup_ccs.obj (.intvecs)

.text      0    0000026c    00003180     
                  0000026c    00000cc4     OrbitOLEDInterface.obj (.text)
                  00000f30    00000950     OrbitOledGrph.obj (.text)
                  00001880    00000384     OrbitOled.obj (.text)
                  00001c04    00000338     main.obj (.text)
                  00001f3c    00000204     OrbitOledChar.obj (.text)
                  00002140    000001b6     rtsv7M4_T_le_v4SPD16_eabi.lib : fd_add_t2.obj (.text)
                  000022f6    00000132     driverlib.lib : gpio.obj (.text:GPIOPadConfigSet)
                  00002428    00000110                   : sysctl.obj (.text:SysCtlClockGet)
                  00002538    00000100     pwm.obj (.text)
                  00002638    000000fc     rtsv7M4_T_le_v4SPD16_eabi.lib : fd_mul_t2.obj (.text)
                  00002734    000000f4     driverlib.lib : sysctl.obj (.text:SysCtlClockSet)
                  00002828    000000cc     pwmcounter.obj (.text)
                  000028f4    000000a4     pid.obj (.text)
                  00002998    0000009c     rtsv7M4_T_le_v4SPD16_eabi.lib : memcpy_t2.obj (.text)
                  00002a34    0000007a                                   : memset_t2.obj (.text)
                  00002aae    00000002                                   : i_div0.obj (.text)
                  00002ab0    00000070                                   : autoinit.obj (.text)
                  00002b20    0000006e                                   : fd_tos_t2.obj (.text)
                  00002b8e    00000002                                   : mpu_init.obj (.text)
                  00002b90    0000006c     button.obj (.text)
                  00002bfc    0000006a     rtsv7M4_T_le_v4SPD16_eabi.lib : copy_decompress_rle.obj (.text)
                  00002c66    00000002                                   : startup.obj (.text)
                  00002c68    00000068     driverlib.lib : interrupt.obj (.text:IntEnable)
                  00002cd0    00000060                   : timer.obj (.text:TimerConfigure)
                  00002d30    0000005c     delay.obj (.text)
                  00002d8c    00000056     driverlib.lib : gpio.obj (.text:GPIOIntTypeSet)
                  00002de2    00000002     --HOLE-- [fill = 0]
                  00002de4    00000054     rtsv7M4_T_le_v4SPD16_eabi.lib : boot.obj (.text)
                  00002e38    00000054                                   : exit.obj (.text)
                  00002e8c    0000004c     driverlib.lib : timer.obj (.text:_TimerIntNumberGet)
                  00002ed8    0000004c     rtsv7M4_T_le_v4SPD16_eabi.lib : cpy_tbl.obj (.text)
                  00002f24    00000048     driverlib.lib : gpio.obj (.text:GPIOPinConfigure)
                  00002f6c    00000048     rtsv7M4_T_le_v4SPD16_eabi.lib : fd_toi_t2.obj (.text)
                  00002fb4    00000044                                   : fd_tou_t2.obj (.text)
                  00002ff8    00000040     driverlib.lib : gpio.obj (.text:_GPIOIntNumberGet)
                  00003038    00000040     rtsv7M4_T_le_v4SPD16_eabi.lib : u_divt2.obj (.text)
                  00003078    0000003c     driverlib.lib : ssi.obj (.text:SSIConfigSetExpClk)
                  000030b4    00000038                   : sysctl.obj (.text:SysCtlPeripheralReady)
                  000030ec    00000038     rtsv7M4_T_le_v4SPD16_eabi.lib : fs_tod_t2.obj (.text)
                  00003124    00000034     driverlib.lib : interrupt.obj (.text:IntRegister)
                  00003158    00000034                   : sysctl.obj (.text:SysCtlPeripheralEnable)
                  0000318c    0000002a                   : gpio.obj (.text:GPIODirModeSet)
                  000031b6    00000022                   : pwm.obj (.text:PWMGenConfigure)
                  000031d8    00000020     rtsv7M4_T_le_v4SPD16_eabi.lib : u_tofd_t2.obj (.text)
                  000031f8    0000001e     driverlib.lib : pwm.obj (.text:PWMPulseWidthSet)
                  00003216    00000018                   : gpio.obj (.text:GPIOIntRegister)
                  0000322e    00000018                   : gpio.obj (.text:GPIOPinTypeGPIOOutput)
                  00003246    00000018                   : timer.obj (.text:TimerIntRegister)
                  0000325e    00000002     --HOLE-- [fill = 0]
                  00003260    00000018     rtsv7M4_T_le_v4SPD16_eabi.lib : args_main.obj (.text)
                  00003278    00000016     driverlib.lib : timer.obj (.text:TimerControlEvent)
                  0000328e    00000002     --HOLE-- [fill = 0]
                  00003290    00000014                   : sysctl.obj (.text:SysCtlPWMClockSet)
                  000032a4    00000014     rtsv7M4_T_le_v4SPD16_eabi.lib : _lock.obj (.text)
                  000032b8    00000012     driverlib.lib : gpio.obj (.text:GPIOPinTypeGPIOInput)
                  000032ca    00000012                   : gpio.obj (.text:GPIOPinTypePWM)
                  000032dc    00000012                   : gpio.obj (.text:GPIOPinTypeSSI)
                  000032ee    00000012                   : gpio.obj (.text:GPIOPinTypeTimer)
                  00003300    00000012                   : pwm.obj (.text:PWMOutputState)
                  00003312    00000012                   : timer.obj (.text:TimerLoadSet)
                  00003324    00000012                   : timer.obj (.text:TimerPrescaleSet)
                  00003336    00000010                   : pwm.obj (.text:PWMGenPeriodSet)
                  00003346    0000000e                   : timer.obj (.text:TimerEnable)
                  00003354    0000000e     rtsv7M4_T_le_v4SPD16_eabi.lib : copy_decompress_none.obj (.text:decompress:none)
                  00003362    0000000c     driverlib.lib : gpio.obj (.text:GPIOIntEnable)
                  0000336e    0000000c                   : pwm.obj (.text:PWMGenEnable)
                  0000337a    0000000c                   : ssi.obj (.text:SSIDataGet)
                  00003386    0000000c     tm4c123gh6pm_startup_ccs.obj (.text)
                  00003392    0000000a     driverlib.lib : ssi.obj (.text:SSIDataPut)
                  0000339c    0000000a                   : ssi.obj (.text:SSIEnable)
                  000033a6    0000000a                   : timer.obj (.text:TimerValueGet)
                  000033b0    00000008                   : ssi.obj (.text:SSIBusy)
                  000033b8    00000008                   : timer.obj (.text:TimerIntEnable)
                  000033c0    00000006                   : gpio.obj (.text:GPIOIntClear)
                  000033c6    00000006                   : gpio.obj (.text:GPIOPinRead)
                  000033cc    00000006                   : gpio.obj (.text:GPIOPinWrite)
                  000033d2    00000006                   : ssi.obj (.text:SSIClockSourceSet)
                  000033d8    00000006                   : sysctl.obj (.text:SysCtlDelay)
                  000033de    00000006     rtsv7M4_T_le_v4SPD16_eabi.lib : copy_decompress_rle.obj (.text:decompress:rle24)
                  000033e4    00000004     driverlib.lib : timer.obj (.text:TimerIntClear)
                  000033e8    00000004     rtsv7M4_T_le_v4SPD16_eabi.lib : pre_init.obj (.text)

.const     0    000033ec    00000784     
                  000033ec    00000300     ChrFont0.obj (.const:.string:rgbOledFont0)
                  000036ec    000000c0     driverlib.lib : gpio.obj (.const:g_ppui32GPIOIntMapBlizzard)
                  000037ac    000000c0                   : gpio.obj (.const:g_ppui32GPIOIntMapSnowflake)
                  0000386c    00000090                   : gpio.obj (.const:g_pui32GPIOBaseAddrs)
                  000038fc    00000070                   : interrupt.obj (.const)
                  0000396c    0000006c                   : sysctl.obj (.const:g_pui32Xtals)
                  000039d8    00000060                   : timer.obj (.const:g_ppui32TimerIntMap)
                  00003a38    00000040     FillPat.obj (.const:.string:rgbFillPat)
                  00003a78    00000040     driverlib.lib : timer.obj (.const:g_ppui32TimerIntMapSnowflake)
                  00003ab8    00000030     OrbitOLEDInterface.obj (.const:g_psDaysToMonth)
                  00003ae8    00000018     main.obj (.const:.string:$P$T2$3)
                  00003b00    00000018     OrbitOLEDInterface.obj (.const:g_pfExponents)
                  00003b18    00000012     OrbitOLEDInterface.obj (.const:.string)
                  00003b2a    00000002     --HOLE-- [fill = 0]
                  00003b2c    00000010     button.obj (.const:$P$T0$1)
                  00003b3c    00000010     main.obj (.const:$P$T0$1)
                  00003b4c    00000010     pid.obj (.const:$P$T0$1)
                  00003b5c    00000010     main.obj (.const:$P$T1$2)
                  00003b6c    00000004     OrbitOLEDInterface.obj (.const)

.cinit     0    00003b70    0000005c     
                  00003b70    00000019     (.cinit..data.load) [load image, compression = rle]
                  00003b89    00000007     --HOLE-- [fill = 0]
                  00003b90    0000000b     (.cinit..bss.load) [load image, compression = rle]
                  00003b9b    00000005     --HOLE-- [fill = 0]
                  00003ba0    0000000b     (.cinit..vtable.load) [load image, compression = rle]
                  00003bab    00000001     --HOLE-- [fill = 0]
                  00003bac    00000008     (__TI_handler_table)
                  00003bb4    00000018     (__TI_cinit_table)

.init_array 
*          0    00000000    00000000     UNINITIALIZED

.vtable    0    20000000    0000026c     UNINITIALIZED
                  20000000    0000026c     driverlib.lib : interrupt.obj (.vtable)

.bss       0    2000026c    0000037d     UNINITIALIZED
                  2000026c    00000200     (.common:rgbOledBmp)
                  2000046c    00000100     (.common:rgbOledFontUser)
                  2000056c    00000018     pwm.obj (.bss:new_pwm_out$1)
                  20000584    00000010     (.common:button_alt_down)
                  20000594    00000010     (.common:button_alt_up)
                  200005a4    00000004     (.common:bnOledCur)
                  200005a8    00000004     (.common:dxcoOledFontCur)
                  200005ac    00000004     (.common:dycoOledFontCur)
                  200005b0    00000004     (.common:fOledCharUpdate)
                  200005b4    00000004     (.common:modOledCur)
                  200005b8    00000004     (.common:pbOledCur)
                  200005bc    00000004     (.common:pbOledFontCur)
                  200005c0    00000004     (.common:pbOledFontUser)
                  200005c4    00000004     (.common:pbOledPatCur)
                  200005c8    00000004     (.common:pfnDoRop)
                  200005cc    00000004     (.common:pwmcounter_count)
                  200005d0    00000004     (.common:xchOledCur)
                  200005d4    00000004     (.common:xchOledMax)
                  200005d8    00000004     (.common:xcoOledCur)
                  200005dc    00000004     (.common:ychOledCur)
                  200005e0    00000004     (.common:ychOledMax)
                  200005e4    00000004     (.common:ycoOledCur)
                  200005e8    00000001     (.common:clrOledCur)

.stack     0    200005ec    00000200     UNINITIALIZED
                  200005ec    00000200     --HOLE--

.data      0    200007ec    0000001c     UNINITIALIZED
                  200007ec    0000000c     rtsv7M4_T_le_v4SPD16_eabi.lib : exit.obj (.data:$O1$$)
                  200007f8    00000008                                   : _lock.obj (.data:$O1$$)
                  20000800    00000004     OrbitOLEDInterface.obj (.data)
                  20000804    00000004     rtsv7M4_T_le_v4SPD16_eabi.lib : stkdepth_vars.obj (.data)

.sysmem    0    20000808    00000008     UNINITIALIZED
                  20000808    00000008     rtsv7M4_T_le_v4SPD16_eabi.lib : memory.obj (.sysmem)

MODULE SUMMARY

       Module                         code    ro data   rw data
       ------                         ----    -------   -------
    .\
       OrbitOLEDInterface.obj         3268    94        4      
       main.obj                       824     56        36     
       tm4c123gh6pm_startup_ccs.obj   12      620       0      
       pwm.obj                        256     0         24     
       pwmcounter.obj                 204     0         0      
       pid.obj                        164     16        0      
       button.obj                     108     16        0      
    +--+------------------------------+-------+---------+---------+
       Total:                         4836    802       64     
                                                               
    .\lib_OrbitOled\
       OrbitOledGrph.obj              2384    0         8      
       OrbitOled.obj                  900     0         553    
       OrbitOledChar.obj              516     0         272    
       ChrFont0.obj                   0       768       0      
       delay.obj                      92      0         0      
       FillPat.obj                    0       64        0      
    +--+------------------------------+-------+---------+---------+
       Total:                         3892    832       833    
                                                               
    C:/ti/TivaWare_C_Series-2.1.3.156/driverlib/ccs/Debug/driverlib.lib
       gpio.obj                       720     528       0      
       interrupt.obj                  156     112       620    
       sysctl.obj                     650     108       0      
       timer.obj                      290     160       0      
       pwm.obj                        110     0         0      
       ssi.obj                        106     0         0      
    +--+------------------------------+-------+---------+---------+
       Total:                         2032    908       620    
                                                               
    C:\ti\ccsv6\tools\compiler\arm_15.12.3.LTS\lib\rtsv7M4_T_le_v4SPD16_eabi.lib
       fd_add_t2.obj                  438     0         0      
       fd_mul_t2.obj                  252     0         0      
       memcpy_t2.obj                  156     0         0      
       memset_t2.obj                  122     0         0      
       autoinit.obj                   112     0         0      
       copy_decompress_rle.obj        112     0         0      
       fd_tos_t2.obj                  110     0         0      
       exit.obj                       84      0         12     
       boot.obj                       84      0         0      
       cpy_tbl.obj                    76      0         0      
       fd_toi_t2.obj                  72      0         0      
       fd_tou_t2.obj                  68      0         0      
       u_divt2.obj                    64      0         0      
       fs_tod_t2.obj                  56      0         0      
       u_tofd_t2.obj                  32      0         0      
       _lock.obj                      20      0         8      
       args_main.obj                  24      0         0      
       copy_decompress_none.obj       14      0         0      
       pre_init.obj                   4       0         0      
       stkdepth_vars.obj              0       0         4      
       i_div0.obj                     2       0         0      
       mpu_init.obj                   2       0         0      
       startup.obj                    2       0         0      
    +--+------------------------------+-------+---------+---------+
       Total:                         1906    0         24     
                                                               
       Heap:                          0       0         8      
       Stack:                         0       0         512    
       Linker Generated:              0       79        0      
    +--+------------------------------+-------+---------+---------+
       Grand Total:                   12666   2621      2061   


LINKER GENERATED COPY TABLES

__TI_cinit_table @ 00003bb4 records: 3, size/record: 8, table size: 24
	.data: load addr=00003b70, load size=00000019 bytes, run addr=200007ec, run size=0000001c bytes, compression=rle
	.bss: load addr=00003b90, load size=0000000b bytes, run addr=2000026c, run size=0000037d bytes, compression=rle
	.vtable: load addr=00003ba0, load size=0000000b bytes, run addr=20000000, run size=0000026c bytes, compression=rle


LINKER GENERATED HANDLER TABLE

__TI_handler_table @ 00003bac records: 2, size/record: 4, table size: 8
	index: 0, handler: __TI_decompress_rle24
	index: 1, handler: __TI_decompress_none


GLOBAL SYMBOLS: SORTED ALPHABETICALLY BY Name 

address   name                           
-------   ----                           
00002e39  C$$EXIT                        
00002d31  DelayInit                      
00002d4b  DelayMs                        
0000318d  GPIODirModeSet                 
000033c1  GPIOIntClear                   
00003363  GPIOIntEnable                  
00003217  GPIOIntRegister                
00002d8d  GPIOIntTypeSet                 
000022f7  GPIOPadConfigSet               
00002f25  GPIOPinConfigure               
000033c7  GPIOPinRead                    
000032b9  GPIOPinTypeGPIOInput           
0000322f  GPIOPinTypeGPIOOutput          
000032cb  GPIOPinTypePWM                 
000032dd  GPIOPinTypeSSI                 
000032ef  GPIOPinTypeTimer               
000033cd  GPIOPinWrite                   
00002c69  IntEnable                      
00003125  IntRegister                    
00000f05  OLEDInitialise                 
00000edf  OLEDStringDraw                 
000020d5  OrbitOledAdvanceCursor         
0000181f  OrbitOledClampXco              
0000183f  OrbitOledClampYco              
00001a67  OrbitOledClear                 
00001a73  OrbitOledClearBuffer           
00001fa5  OrbitOledDefUserChar           
000019e3  OrbitOledDevInit               
00001661  OrbitOledDrawChar              
0000205d  OrbitOledDrawGlyph             
00001027  OrbitOledDrawPixel             
0000116d  OrbitOledDrawRect              
000016c1  OrbitOledDrawString            
00001969  OrbitOledDvrInit               
000011f1  OrbitOledFillRect              
00001335  OrbitOledGetBmp                
0000200d  OrbitOledGetCharUpdate         
00001f89  OrbitOledGetCursor             
00001021  OrbitOledGetDrawMode           
00001053  OrbitOledGetPixel              
00000f77  OrbitOledGetPos                
00000fab  OrbitOledGetStdPattern         
00001895  OrbitOledHostInit              
00001881  OrbitOledInit                  
0000106d  OrbitOledLineTo                
000017b3  OrbitOledMoveDown              
000017ed  OrbitOledMoveLeft              
00001805  OrbitOledMoveRight             
00000f31  OrbitOledMoveTo                
00001781  OrbitOledMoveUp                
00001495  OrbitOledPutBmp                
00001afd  OrbitOledPutBuffer             
00002013  OrbitOledPutChar               
00002031  OrbitOledPutString             
0000172d  OrbitOledRopAnd                
00001709  OrbitOledRopOr                 
000016df  OrbitOledRopSet                
00001751  OrbitOledRopXor                
00001ff5  OrbitOledSetCharUpdate         
00001f3d  OrbitOledSetCursor             
00000f93  OrbitOledSetDrawColor          
00000fcd  OrbitOledSetDrawMode           
00000fbd  OrbitOledSetFillPattern        
00001aa3  OrbitOledUpdate                
000031b7  PWMGenConfigure                
0000336f  PWMGenEnable                   
00003337  PWMGenPeriodSet                
00003301  PWMOutputState                 
000031f9  PWMPulseWidthSet               
00003387  ResetISR                       
UNDEFED   SHT$$INIT_ARRAY$$Base          
UNDEFED   SHT$$INIT_ARRAY$$Limit         
000033b1  SSIBusy                        
000033d3  SSIClockSourceSet              
00003079  SSIConfigSetExpClk             
0000337b  SSIDataGet                     
00003393  SSIDataPut                     
0000339d  SSIEnable                      
00001b63  Ssi3PutByte                    
00002429  SysCtlClockGet                 
00002735  SysCtlClockSet                 
000033d9  SysCtlDelay                    
00003291  SysCtlPWMClockSet              
00003159  SysCtlPeripheralEnable         
000030b5  SysCtlPeripheralReady          
00002cd1  TimerConfigure                 
00003279  TimerControlEvent              
00003347  TimerEnable                    
000033e5  TimerIntClear                  
000033b9  TimerIntEnable                 
00003247  TimerIntRegister               
00003313  TimerLoadSet                   
00003325  TimerPrescaleSet               
000033a7  TimerValueGet                  
200007ec  __STACK_END                    
00000200  __STACK_SIZE                   
200007ec  __STACK_TOP                    
00000008  __SYSMEM_SIZE                  
00003bb4  __TI_CINIT_Base                
00003bcc  __TI_CINIT_Limit               
00003bac  __TI_Handler_Table_Base        
00003bb4  __TI_Handler_Table_Limit       
00002ab1  __TI_auto_init                 
200007ec  __TI_cleanup_ptr               
00003355  __TI_decompress_none           
000033df  __TI_decompress_rle24          
200007f0  __TI_dtors_ptr                 
200007f4  __TI_enable_exit_profile_output
ffffffff  __TI_pprof_out_hndl            
ffffffff  __TI_prof_data_size            
ffffffff  __TI_prof_data_start           
00000000  __TI_static_base__             
00002b21  __aeabi_d2f                    
00002f6d  __aeabi_d2iz                   
00002fb5  __aeabi_d2uiz                  
0000214b  __aeabi_dadd                   
00002639  __aeabi_dmul                   
00002141  __aeabi_dsub                   
000030ed  __aeabi_f2d                    
00002aaf  __aeabi_idiv0                  
00002a35  __aeabi_memclr                 
00002a35  __aeabi_memclr4                
00002a35  __aeabi_memclr8                
00002999  __aeabi_memcpy                 
00002999  __aeabi_memcpy4                
00002999  __aeabi_memcpy8                
00002a37  __aeabi_memset                 
00002a37  __aeabi_memset4                
00002a37  __aeabi_memset8                
000031d9  __aeabi_ui2d                   
00003039  __aeabi_uidiv                  
00003039  __aeabi_uidivmod               
ffffffff  __binit__                      
ffffffff  __c_args__                     
00002b8f  __mpu_init                     
200005ec  __stack                        
00003261  _args_main                     
00002de5  _c_int00                       
200007f8  _lock                          
000032b3  _nop                           
000032ab  _register_lock                 
000032a5  _register_unlock               
20000808  _sys_memory                    
00002c67  _system_post_cinit             
000033e9  _system_pre_init               
200007fc  _unlock                        
00002e3d  abort                          
ffffffff  binit                          
200005a4  bnOledCur                      
20000584  button_alt_down                
20000594  button_alt_up                  
00002b91  button_init                    
00002bd3  button_pressed                 
200005e8  clrOledCur                     
00002ed9  copy_in                        
200005a8  dxcoOledFontCur                
200005ac  dycoOledFontCur                
00002e45  exit                           
200005b0  fOledCharUpdate                
00001c5b  freq_cap                       
20000000  g_pfnRAMVectors                
00000000  g_pfnVectors                   
00001cbb  main                           
20000804  main_func_sp                   
00002999  memcpy                         
00002a3d  memset                         
200005b4  modOledCur                     
00001c31  on_btn_down_press              
00001c05  on_btn_up_press                
200005b8  pbOledCur                      
200005bc  pbOledFontCur                  
200005c0  pbOledFontUser                 
200005c4  pbOledPatCur                   
200005c8  pfnDoRop                       
00002953  pid_derivative_set             
000028f5  pid_init                       
0000293d  pid_intergral_set              
00002927  pid_proportional_set           
00002969  pid_target_set                 
0000297f  pid_update                     
00002599  pwm_duty_cycle_set             
000025d3  pwm_frequency_set              
00002539  pwm_init                       
200005cc  pwmcounter_count               
000028b7  pwmcounter_freq_get            
0000284f  pwmcounter_init                
00002829  pwmcounter_isr                 
00003a38  rgbFillPat                     
2000026c  rgbOledBmp                     
000033ec  rgbOledFont0                   
2000046c  rgbOledFontUser                
00000751  ulocaltime                     
0000094f  umktime                        
00000ec9  urand                          
00000721  usnprintf                      
000006ef  usprintf                       
00000eb9  usrand                         
00000e31  ustrcasecmp                    
00000ea5  ustrcmp                        
00000d35  ustrlen                        
00000d8d  ustrncasecmp                   
00000e45  ustrncmp                       
0000026d  ustrncpy                       
00000d57  ustrstr                        
00000afd  ustrtof                        
000009c5  ustrtoul                       
000002c5  uvsnprintf                     
200005d0  xchOledCur                     
200005d4  xchOledMax                     
200005d8  xcoOledCur                     
200005dc  ychOledCur                     
200005e0  ychOledMax                     
200005e4  ycoOledCur                     


GLOBAL SYMBOLS: SORTED BY Symbol Address 

address   name                           
-------   ----                           
00000000  __TI_static_base__             
00000000  g_pfnVectors                   
00000008  __SYSMEM_SIZE                  
00000200  __STACK_SIZE                   
0000026d  ustrncpy                       
000002c5  uvsnprintf                     
000006ef  usprintf                       
00000721  usnprintf                      
00000751  ulocaltime                     
0000094f  umktime                        
000009c5  ustrtoul                       
00000afd  ustrtof                        
00000d35  ustrlen                        
00000d57  ustrstr                        
00000d8d  ustrncasecmp                   
00000e31  ustrcasecmp                    
00000e45  ustrncmp                       
00000ea5  ustrcmp                        
00000eb9  usrand                         
00000ec9  urand                          
00000edf  OLEDStringDraw                 
00000f05  OLEDInitialise                 
00000f31  OrbitOledMoveTo                
00000f77  OrbitOledGetPos                
00000f93  OrbitOledSetDrawColor          
00000fab  OrbitOledGetStdPattern         
00000fbd  OrbitOledSetFillPattern        
00000fcd  OrbitOledSetDrawMode           
00001021  OrbitOledGetDrawMode           
00001027  OrbitOledDrawPixel             
00001053  OrbitOledGetPixel              
0000106d  OrbitOledLineTo                
0000116d  OrbitOledDrawRect              
000011f1  OrbitOledFillRect              
00001335  OrbitOledGetBmp                
00001495  OrbitOledPutBmp                
00001661  OrbitOledDrawChar              
000016c1  OrbitOledDrawString            
000016df  OrbitOledRopSet                
00001709  OrbitOledRopOr                 
0000172d  OrbitOledRopAnd                
00001751  OrbitOledRopXor                
00001781  OrbitOledMoveUp                
000017b3  OrbitOledMoveDown              
000017ed  OrbitOledMoveLeft              
00001805  OrbitOledMoveRight             
0000181f  OrbitOledClampXco              
0000183f  OrbitOledClampYco              
00001881  OrbitOledInit                  
00001895  OrbitOledHostInit              
00001969  OrbitOledDvrInit               
000019e3  OrbitOledDevInit               
00001a67  OrbitOledClear                 
00001a73  OrbitOledClearBuffer           
00001aa3  OrbitOledUpdate                
00001afd  OrbitOledPutBuffer             
00001b63  Ssi3PutByte                    
00001c05  on_btn_up_press                
00001c31  on_btn_down_press              
00001c5b  freq_cap                       
00001cbb  main                           
00001f3d  OrbitOledSetCursor             
00001f89  OrbitOledGetCursor             
00001fa5  OrbitOledDefUserChar           
00001ff5  OrbitOledSetCharUpdate         
0000200d  OrbitOledGetCharUpdate         
00002013  OrbitOledPutChar               
00002031  OrbitOledPutString             
0000205d  OrbitOledDrawGlyph             
000020d5  OrbitOledAdvanceCursor         
00002141  __aeabi_dsub                   
0000214b  __aeabi_dadd                   
000022f7  GPIOPadConfigSet               
00002429  SysCtlClockGet                 
00002539  pwm_init                       
00002599  pwm_duty_cycle_set             
000025d3  pwm_frequency_set              
00002639  __aeabi_dmul                   
00002735  SysCtlClockSet                 
00002829  pwmcounter_isr                 
0000284f  pwmcounter_init                
000028b7  pwmcounter_freq_get            
000028f5  pid_init                       
00002927  pid_proportional_set           
0000293d  pid_intergral_set              
00002953  pid_derivative_set             
00002969  pid_target_set                 
0000297f  pid_update                     
00002999  __aeabi_memcpy                 
00002999  __aeabi_memcpy4                
00002999  __aeabi_memcpy8                
00002999  memcpy                         
00002a35  __aeabi_memclr                 
00002a35  __aeabi_memclr4                
00002a35  __aeabi_memclr8                
00002a37  __aeabi_memset                 
00002a37  __aeabi_memset4                
00002a37  __aeabi_memset8                
00002a3d  memset                         
00002aaf  __aeabi_idiv0                  
00002ab1  __TI_auto_init                 
00002b21  __aeabi_d2f                    
00002b8f  __mpu_init                     
00002b91  button_init                    
00002bd3  button_pressed                 
00002c67  _system_post_cinit             
00002c69  IntEnable                      
00002cd1  TimerConfigure                 
00002d31  DelayInit                      
00002d4b  DelayMs                        
00002d8d  GPIOIntTypeSet                 
00002de5  _c_int00                       
00002e39  C$$EXIT                        
00002e3d  abort                          
00002e45  exit                           
00002ed9  copy_in                        
00002f25  GPIOPinConfigure               
00002f6d  __aeabi_d2iz                   
00002fb5  __aeabi_d2uiz                  
00003039  __aeabi_uidiv                  
00003039  __aeabi_uidivmod               
00003079  SSIConfigSetExpClk             
000030b5  SysCtlPeripheralReady          
000030ed  __aeabi_f2d                    
00003125  IntRegister                    
00003159  SysCtlPeripheralEnable         
0000318d  GPIODirModeSet                 
000031b7  PWMGenConfigure                
000031d9  __aeabi_ui2d                   
000031f9  PWMPulseWidthSet               
00003217  GPIOIntRegister                
0000322f  GPIOPinTypeGPIOOutput          
00003247  TimerIntRegister               
00003261  _args_main                     
00003279  TimerControlEvent              
00003291  SysCtlPWMClockSet              
000032a5  _register_unlock               
000032ab  _register_lock                 
000032b3  _nop                           
000032b9  GPIOPinTypeGPIOInput           
000032cb  GPIOPinTypePWM                 
000032dd  GPIOPinTypeSSI                 
000032ef  GPIOPinTypeTimer               
00003301  PWMOutputState                 
00003313  TimerLoadSet                   
00003325  TimerPrescaleSet               
00003337  PWMGenPeriodSet                
00003347  TimerEnable                    
00003355  __TI_decompress_none           
00003363  GPIOIntEnable                  
0000336f  PWMGenEnable                   
0000337b  SSIDataGet                     
00003387  ResetISR                       
00003393  SSIDataPut                     
0000339d  SSIEnable                      
000033a7  TimerValueGet                  
000033b1  SSIBusy                        
000033b9  TimerIntEnable                 
000033c1  GPIOIntClear                   
000033c7  GPIOPinRead                    
000033cd  GPIOPinWrite                   
000033d3  SSIClockSourceSet              
000033d9  SysCtlDelay                    
000033df  __TI_decompress_rle24          
000033e5  TimerIntClear                  
000033e9  _system_pre_init               
000033ec  rgbOledFont0                   
00003a38  rgbFillPat                     
00003bac  __TI_Handler_Table_Base        
00003bb4  __TI_CINIT_Base                
00003bb4  __TI_Handler_Table_Limit       
00003bcc  __TI_CINIT_Limit               
20000000  g_pfnRAMVectors                
2000026c  rgbOledBmp                     
2000046c  rgbOledFontUser                
20000584  button_alt_down                
20000594  button_alt_up                  
200005a4  bnOledCur                      
200005a8  dxcoOledFontCur                
200005ac  dycoOledFontCur                
200005b0  fOledCharUpdate                
200005b4  modOledCur                     
200005b8  pbOledCur                      
200005bc  pbOledFontCur                  
200005c0  pbOledFontUser                 
200005c4  pbOledPatCur                   
200005c8  pfnDoRop                       
200005cc  pwmcounter_count               
200005d0  xchOledCur                     
200005d4  xchOledMax                     
200005d8  xcoOledCur                     
200005dc  ychOledCur                     
200005e0  ychOledMax                     
200005e4  ycoOledCur                     
200005e8  clrOledCur                     
200005ec  __stack                        
200007ec  __STACK_END                    
200007ec  __STACK_TOP                    
200007ec  __TI_cleanup_ptr               
200007f0  __TI_dtors_ptr                 
200007f4  __TI_enable_exit_profile_output
200007f8  _lock                          
200007fc  _unlock                        
20000804  main_func_sp                   
20000808  _sys_memory                    
ffffffff  __TI_pprof_out_hndl            
ffffffff  __TI_prof_data_size            
ffffffff  __TI_prof_data_start           
ffffffff  __binit__                      
ffffffff  __c_args__                     
ffffffff  binit                          
UNDEFED   SHT$$INIT_ARRAY$$Base          
UNDEFED   SHT$$INIT_ARRAY$$Limit         

[213 symbols]
